Microchip MPLAB XC8 Compiler V1.41 ()

Linker command line:

-W-3 --edf=C:\Program Files (x86)\Microchip\xc8\v1.41\dat\en_msgs.txt -cs \
  -h+dist/default/production\NRF_MasterV6.X.production.sym \
  --cmf=dist/default/production\NRF_MasterV6.X.production.cmf -z -Q18F45K50 \
  -oC:\Users\BRNS1\AppData\Local\Temp\s33o.2 \
  -Mdist/default/production/NRF_MasterV6.X.production.map -E1 -ver=XC8 \
  -ASTACK=060h-07ffh -pstack=STACK -ACODE=00h-07FFFh -ACONST=00h-07FFFh \
  -ASMALLCONST=0800h-08FFhx120 -AMEDIUMCONST=0800h-07FFFh -ACOMRAM=01h-05Fh \
  -AABS1=00h-07FFh -ABIGRAM=01h-07FFh -ARAM=060h-0FFh,0100h-01FFhx7 \
  -ABANK0=060h-0FFh -ABANK1=0100h-01FFh -ABANK2=0200h-02FFh \
  -ABANK3=0300h-03FFh -ABANK4=0400h-04FFh -ABANK5=0500h-05FFh \
  -ABANK6=0600h-06FFh -ABANK7=0700h-07FFh -ASFR=0F53h-0F5Fh,0F60h-0FFFh \
  -preset_vec=00h,intcode=08h,intcodelo,powerup,init -pramtop=0800h \
  -psmallconst=SMALLCONST -pmediumconst=MEDIUMCONST -pconst=CONST \
  -AFARRAM=00h-00h -ACONFIG=0300000h-030000Dh -pconfig=CONFIG \
  -AIDLOC=0200000h-0200007h -pidloc=IDLOC -AEEDATA=0F00000h-0F000FFh \
  -peeprom_data=EEDATA \
  -prdata=COMRAM,nvrram=COMRAM,nvbit=COMRAM,rbss=COMRAM,rbit=COMRAM \
  -pfarbss=FARRAM,fardata=FARRAM,nvFARRAM=FARRAM \
  -pintsave_regs=BIGRAM,bigbss=BIGRAM,bigdata=BIGRAM -pbss=RAM \
  -pidata=CODE,irdata=CODE,ibigdata=CODE,ifardata=CODE -prparam=COMRAM \
  C:\Users\BRNS1\AppData\Local\Temp\s33o.obj \
  dist/default/production\NRF_MasterV6.X.production.obj 

Object code version is 3.11

Machine type is 18F45K50

Call graph: (short form)




                Name                               Link     Load   Length Selector   Space Scale
C:\Users\BRNS1\AppData\Local\Temp\s33o.obj
                init                                 CA       CA        4        4       0
                reset_vec                             0        0        4        0       0
                idloc                            200000   200000        8   200000       0
                config                           300000   300000        E   300000       0
dist/default/production\NRF_MasterV6.X.production.obj
                intcode                               8        8       C2        4       0
                temp                                 48       48        1        1       1
                text14                              43E      43E       10        4       0
                text13                              3F2      3F2       18        4       0
                text11                              38A      38A       20        4       0
                text10                              36A      36A       20        4       0
                text9                               3DA      3DA       18        4       0
                text8                               31A      31A       2C        4       0
                text7                               42E      42E       10        4       0
                text6                               3C2      3C2       18        4       0
                text5                               2D0      2D0       4A        4       0
                text4                               346      346       24        4       0
                text3                               3AA      3AA       18        4       0
                text2                               40A      40A       14        4       0
                text1                                CE       CE      176        4       0
                text0                               244      244       8C        4       0
                cstackCOMRAM                          1        1       46        1       1
                bssCOMRAM                            47       47        1        1       1
                cinit                               41E      41E       10        4       0

TOTAL           Name                               Link     Load   Length     Space
        CLASS   STACK          

        CLASS   CODE           
                intcode                               8        8       C2         0
                init                                 CA       CA        4         0
                reset_vec                             0        0        4         0
                text14                              43E      43E       10         0
                text13                              3F2      3F2       18         0
                text11                              38A      38A       20         0
                text10                              36A      36A       20         0
                text9                               3DA      3DA       18         0
                text8                               31A      31A       2C         0
                text7                               42E      42E       10         0
                text6                               3C2      3C2       18         0
                text5                               2D0      2D0       4A         0
                text4                               346      346       24         0
                text3                               3AA      3AA       18         0
                text2                               40A      40A       14         0
                text1                                CE       CE      176         0
                text0                               244      244       8C         0
                cinit                               41E      41E       10         0

        CLASS   CONST          

        CLASS   SMALLCONST     

        CLASS   MEDIUMCONST    

        CLASS   COMRAM         
                temp                                 48       48        1         1
                cstackCOMRAM                          1        1       46         1
                bssCOMRAM                            47       47        1         1

        CLASS   ABS1           

        CLASS   BIGRAM         

        CLASS   RAM            

        CLASS   BANK0          

        CLASS   BANK1          

        CLASS   BANK2          

        CLASS   BANK3          

        CLASS   BANK4          

        CLASS   BANK5          

        CLASS   BANK6          

        CLASS   BANK7          

        CLASS   SFR            

        CLASS   FARRAM         

        CLASS   CONFIG         
                config                           300000   300000        E         0

        CLASS   IDLOC          
                idloc                            200000   200000        8         0

        CLASS   EEDATA         



SEGMENTS        Name                           Load    Length   Top    Selector   Space  Class

                reset_vec                      000000  000004  000004         0       0  CODE    
                cstackCOMRAM                   000001  000048  000049         1       1  COMRAM  
                intcode                        000008  000446  00044E         4       0  CODE    
                idloc                          200000  000008  200008    200000       0  IDLOC   
                config                         300000  00000E  30000E    300000       0  CONFIG  


UNUSED ADDRESS RANGES

        Name                Unused          Largest block    Delta
        BANK0            000060-0000FF               A0
        BANK1            000100-0001FF              100
        BANK2            000200-0002FF              100
        BANK3            000300-0003FF              100
        BANK4            000400-0004FF              100
        BANK5            000500-0005FF              100
        BANK6            000600-0006FF              100
        BANK7            000700-0007FF              100
        BIGRAM           000049-0007FF              7B7
        CODE             000004-000007                4
                         00044E-007FFF             7BB2
        COMRAM           000049-00005F               17
        CONST            000004-000007                4
                         00044E-007FFF             7BB2
        EEDATA           F00000-F000FF              100
        MEDIUMCONST      000800-007FFF             7800
        RAM              000060-0007FF              100
        SFR              000F53-000FFF                D
        SMALLCONST       000800-007FFF              100
        STACK            000060-0007FF              7A0

                                  Symbol Table

ISR@status                            cstackCOMRAM 000012
_ACTCON                               (abs)        000FB5
_ADCON0                               (abs)        000FC2
_ADCON0bits                           (abs)        000FC2
_ADCON1                               (abs)        000FC1
_ADCON2                               (abs)        000FC0
_ADRESH                               (abs)        000FC4
_ADRESL                               (abs)        000FC3
_ANSELA                               (abs)        000F5B
_ANSELB                               (abs)        000F5C
_ANSELBbits                           (abs)        000F5C
_ANSELC                               (abs)        000F5D
_ANSELD                               (abs)        000F5E
_ANSELE                               (abs)        000F5F
_INTCON2bits                          (abs)        000FF1
_INTCON3bits                          (abs)        000FF0
_INTCONbits                           (abs)        000FF2
_ISR                                  intcode      000008
_LATA                                 (abs)        000F89
_LATAbits                             (abs)        000F89
_LATB                                 (abs)        000F8A
_LATBbits                             (abs)        000F8A
_LATC                                 (abs)        000F8B
_LATD                                 (abs)        000F8C
_LATE                                 (abs)        000F8D
_OSCCON                               (abs)        000FD3
_OSCCON2                              (abs)        000FD2
_OSCTUNE                              (abs)        000F9B
_PIR1bits                             (abs)        000F9E
_PTX                                  bssCOMRAM    000047
_SSP1BUF                              (abs)        000FC9
_SSP1CON1bits                         (abs)        000FC6
_SSP1STATbits                         (abs)        000FC7
_TRISA                                (abs)        000F92
_TRISAbits                            (abs)        000F92
_TRISB                                (abs)        000F93
_TRISBbits                            (abs)        000F93
_TRISC                                (abs)        000F94
_TRISCbits                            (abs)        000F94
_TRISD                                (abs)        000F95
_TRISE                                (abs)        000F96
_WPUB                                 (abs)        000F85
__CFG_BOREN$SBORDIS                   (abs)        000000
__CFG_BORV$190                        (abs)        000000
__CFG_CCP2MX$RC1                      (abs)        000000
__CFG_CFGPLLEN$OFF                    (abs)        000000
__CFG_CP0$OFF                         (abs)        000000
__CFG_CP1$OFF                         (abs)        000000
__CFG_CP2$OFF                         (abs)        000000
__CFG_CP3$OFF                         (abs)        000000
__CFG_CPB$OFF                         (abs)        000000
__CFG_CPD$OFF                         (abs)        000000
__CFG_CPUDIV$NOCLKDIV                 (abs)        000000
__CFG_DEBUG$OFF                       (abs)        000000
__CFG_EBTR0$OFF                       (abs)        000000
__CFG_EBTR1$OFF                       (abs)        000000
__CFG_EBTR2$OFF                       (abs)        000000
__CFG_EBTR3$OFF                       (abs)        000000
__CFG_EBTRB$OFF                       (abs)        000000
__CFG_FCMEN$ON                        (abs)        000000
__CFG_FOSC$HSM                        (abs)        000000
__CFG_ICPRT$OFF                       (abs)        000000
__CFG_IESO$OFF                        (abs)        000000
__CFG_LS48MHZ$SYS24X4                 (abs)        000000
__CFG_LVP$ON                          (abs)        000000
__CFG_MCLRE$ON                        (abs)        000000
__CFG_PBADEN$ON                       (abs)        000000
__CFG_PCLKEN$ON                       (abs)        000000
__CFG_PLLSEL$PLL4X                    (abs)        000000
__CFG_SDOMX$RB3                       (abs)        000000
__CFG_STVREN$ON                       (abs)        000000
__CFG_T3CMX$RC0                       (abs)        000000
__CFG_WDTEN$OFF                       (abs)        000000
__CFG_WDTPS$32768                     (abs)        000000
__CFG_WRT0$OFF                        (abs)        000000
__CFG_WRT1$OFF                        (abs)        000000
__CFG_WRT2$OFF                        (abs)        000000
__CFG_WRT3$OFF                        (abs)        000000
__CFG_WRTB$OFF                        (abs)        000000
__CFG_WRTC$OFF                        (abs)        000000
__CFG_WRTD$OFF                        (abs)        000000
__CFG_XINST$OFF                       (abs)        000000
__CFG_nLPBOR$OFF                      (abs)        000000
__CFG_nPWRTEN$ON                      (abs)        000000
__HRAM                                (abs)        000000
__Habs1                               abs1         000000
__Hbank0                              bank0        000000
__Hbank1                              bank1        000000
__Hbank2                              bank2        000000
__Hbank3                              bank3        000000
__Hbank4                              bank4        000000
__Hbank5                              bank5        000000
__Hbank6                              bank6        000000
__Hbank7                              bank7        000000
__Hbigbss                             bigbss       000000
__Hbigdata                            bigdata      000000
__Hbigram                             bigram       000000
__Hbss                                bss          000000
__HbssCOMRAM                          bssCOMRAM    000000
__Hcinit                              cinit        000000
__Hclrtext                            clrtext      000000
__Hcomram                             comram       000000
__Hconfig                             config       30000E
__Hconst                              const        000000
__HcstackCOMRAM                       cstackCOMRAM 000000
__Hdata                               data         000000
__Heeprom_data                        eeprom_data  000000
__Hfarbss                             farbss       000000
__Hfardata                            fardata      000000
__Hibigdata                           ibigdata     000000
__Hidata                              idata        000000
__Hidloc                              idloc        200008
__Hifardata                           ifardata     000000
__Hinit                               init         0000CE
__Hintcode                            intcode      0000CA
__Hintcode_body                       intcode_body 000000
__Hintcodelo                          intcodelo    0000CA
__Hintentry                           intentry     000000
__Hintret                             intret       000000
__Hintsave_regs                       intsave_regs 000000
__Hirdata                             irdata       000000
__Hmediumconst                        mediumconst  000000
__HnvFARRAM                           nvFARRAM     000000
__Hnvbit                              nvbit        000000
__Hnvrram                             nvrram       000000
__Hparam                              rparam       000000
__Hpowerup                            powerup      0000CA
__Hram                                ram          000000
__Hramtop                             ramtop       000800
__Hrbit                               rbit         000000
__Hrbss                               rbss         000000
__Hrdata                              rdata        000000
__Hreset_vec                          reset_vec    000004
__Hrparam                             rparam       000000
__Hsfr                                sfr          000000
__Hsmallconst                         smallconst   000000
__Hspace_0                            (abs)        30000E
__Hspace_1                            (abs)        000049
__Hspace_2                            (abs)        000000
__Hstack                              stack        000000
__Hstruct                             struct       000000
__Htemp                               temp         000049
__Htext                               text         000000
__Htext0                              text0        000000
__Htext1                              text1        000000
__Htext10                             text10       000000
__Htext11                             text11       000000
__Htext13                             text13       000000
__Htext14                             text14       000000
__Htext2                              text2        000000
__Htext3                              text3        000000
__Htext4                              text4        000000
__Htext5                              text5        000000
__Htext6                              text6        000000
__Htext7                              text7        000000
__Htext8                              text8        000000
__Htext9                              text9        000000
__LRAM                                (abs)        000001
__Labs1                               abs1         000000
__Lbank0                              bank0        000000
__Lbank1                              bank1        000000
__Lbank2                              bank2        000000
__Lbank3                              bank3        000000
__Lbank4                              bank4        000000
__Lbank5                              bank5        000000
__Lbank6                              bank6        000000
__Lbank7                              bank7        000000
__Lbigbss                             bigbss       000000
__Lbigdata                            bigdata      000000
__Lbigram                             bigram       000000
__Lbss                                bss          000000
__LbssCOMRAM                          bssCOMRAM    000000
__Lcinit                              cinit        000000
__Lclrtext                            clrtext      000000
__Lcomram                             comram       000000
__Lconfig                             config       300000
__Lconst                              const        000000
__LcstackCOMRAM                       cstackCOMRAM 000000
__Ldata                               data         000000
__Leeprom_data                        eeprom_data  000000
__Lfarbss                             farbss       000000
__Lfardata                            fardata      000000
__Libigdata                           ibigdata     000000
__Lidata                              idata        000000
__Lidloc                              idloc        200000
__Lifardata                           ifardata     000000
__Linit                               init         0000CA
__Lintcode                            intcode      000008
__Lintcode_body                       intcode_body 000000
__Lintcodelo                          intcodelo    0000CA
__Lintentry                           intentry     000000
__Lintret                             intret       000000
__Lintsave_regs                       intsave_regs 000000
__Lirdata                             irdata       000000
__Lmediumconst                        mediumconst  000000
__LnvFARRAM                           nvFARRAM     000000
__Lnvbit                              nvbit        000000
__Lnvrram                             nvrram       000000
__Lparam                              rparam       000000
__Lpowerup                            powerup      0000CA
__Lram                                ram          000000
__Lramtop                             ramtop       000800
__Lrbit                               rbit         000000
__Lrbss                               rbss         000000
__Lrdata                              rdata        000000
__Lreset_vec                          reset_vec    000000
__Lrparam                             rparam       000000
__Lsfr                                sfr          000000
__Lsmallconst                         smallconst   000000
__Lspace_0                            (abs)        000000
__Lspace_1                            (abs)        000000
__Lspace_2                            (abs)        000000
__Lstack                              stack        000000
__Lstruct                             struct       000000
__Ltemp                               temp         000048
__Ltext                               text         000000
__Ltext0                              text0        000000
__Ltext1                              text1        000000
__Ltext10                             text10       000000
__Ltext11                             text11       000000
__Ltext13                             text13       000000
__Ltext14                             text14       000000
__Ltext2                              text2        000000
__Ltext3                              text3        000000
__Ltext4                              text4        000000
__Ltext5                              text5        000000
__Ltext6                              text6        000000
__Ltext7                              text7        000000
__Ltext8                              text8        000000
__Ltext9                              text9        000000
__S0                                  (abs)        30000E
__S1                                  (abs)        000049
__S2                                  (abs)        000000
___inthi_sp                           stack        000000
___intlo_sp                           stack        000000
___param_bank                         (abs)        000000
___rparam_used                        (abs)        000001
___sp                                 stack        000000
__accesstop                           (abs)        000060
__activetblptr                        (abs)        000002
__delay_10ms                          text11       00038A
__delay_10ms@length                   cstackCOMRAM 000013
__end_of_ISR                          intcode      0000CA
__end_of__delay_10ms                  text11       0003AA
__end_of__initialization              cinit        000420
__end_of_main                         text0        0002D0
__end_of_spi_fast_shift               text7        00043E
__end_of_spi_init                     text10       00038A
__end_of_spi_transmit_sync            text8        000346
__end_of_wl_module_config_register    text6        0003DA
__end_of_wl_module_init               text9        0003F2
__end_of_wl_module_send               text5        00031A
__end_of_wl_module_set_RADDR          text3        0003C2
__end_of_wl_module_set_TADDR          text2        00041E
__end_of_wl_module_tx_config          text1        000244
__end_of_wl_module_write_register     text4        00036A
__end_ofi2_spi_fast_shift             text14       00044E
__end_ofi2_wl_module_config_register  text13       00040A
__initialization                      cinit        00041E
__mediumconst                         mediumconst  000000
__pbssCOMRAM                          bssCOMRAM    000047
__pcinit                              cinit        00041E
__pcstackCOMRAM                       cstackCOMRAM 000001
__pintcode                            intcode      000008
__ptext0                              text0        000244
__ptext1                              text1        0000CE
__ptext10                             text10       00036A
__ptext11                             text11       00038A
__ptext13                             text13       0003F2
__ptext14                             text14       00043E
__ptext2                              text2        00040A
__ptext3                              text3        0003AA
__ptext4                              text4        000346
__ptext5                              text5        0002D0
__ptext6                              text6        0003C2
__ptext7                              text7        00042E
__ptext8                              text8        00031A
__ptext9                              text9        0003DA
__ramtop                              ramtop       000800
__size_of_ISR                         (abs)        000000
__size_of__delay_10ms                 (abs)        000000
__size_of_main                        (abs)        000000
__size_of_spi_fast_shift              (abs)        000000
__size_of_spi_init                    (abs)        000000
__size_of_spi_transmit_sync           (abs)        000000
__size_of_wl_module_config_register   (abs)        000000
__size_of_wl_module_init              (abs)        000000
__size_of_wl_module_send              (abs)        000000
__size_of_wl_module_set_RADDR         (abs)        000000
__size_of_wl_module_set_TADDR         (abs)        000000
__size_of_wl_module_tx_config         (abs)        000000
__size_of_wl_module_write_register    (abs)        000000
__size_ofi2_spi_fast_shift            (abs)        000000
__size_ofi2_wl_module_config_register (abs)        000000
__smallconst                          smallconst   000000
_main                                 text0        000244
_spi_fast_shift                       text7        00042E
_spi_init                             text10       00036A
_spi_transmit_sync                    text8        00031A
_wl_module_config_register            text6        0003C2
_wl_module_init                       text9        0003DA
_wl_module_send                       text5        0002D0
_wl_module_set_RADDR                  text3        0003AA
_wl_module_set_TADDR                  text2        00040A
_wl_module_tx_config                  text1        0000CE
_wl_module_write_register             text4        000346
btemp                                 temp         000048
end_of_initialization                 cinit        000420
i2_spi_fast_shift                     text14       00043E
i2_wl_module_config_register          text13       0003F2
i2spi_fast_shift@data                 cstackCOMRAM 000001
i2wl_module_config_register@reg       cstackCOMRAM 000003
i2wl_module_config_register@value     cstackCOMRAM 000002
int$flags                             temp         000048
intlevel0                             text         000000
intlevel1                             text         000000
intlevel2                             text         000000
intlevel3                             text         000000
main@k                                cstackCOMRAM 000046
main@maincounter                      cstackCOMRAM 000045
main@payload                          cstackCOMRAM 000025
spi_fast_shift@data                   cstackCOMRAM 000013
spi_transmit_sync@data                cstackCOMRAM 000013
spi_transmit_sync@length              cstackCOMRAM 000015
spi_transmit_sync@tmp                 cstackCOMRAM 000017
stackhi                               (abs)        0007FF
stacklo                               (abs)        000060
start                                 init         0000CA
start_initialization                  cinit        00041E
wl_module_config_register@reg         cstackCOMRAM 000015
wl_module_config_register@value       cstackCOMRAM 000014
wl_module_send@len                    cstackCOMRAM 00001A
wl_module_send@value                  cstackCOMRAM 000018
wl_module_set_RADDR@adr               cstackCOMRAM 00001C
wl_module_set_TADDR@adr               cstackCOMRAM 00001C
wl_module_tx_config@tx_addr           cstackCOMRAM 00001F
wl_module_tx_config@tx_nr             cstackCOMRAM 00001E
wl_module_write_register@len          cstackCOMRAM 00001A
wl_module_write_register@reg          cstackCOMRAM 00001B
wl_module_write_register@value        cstackCOMRAM 000018


FUNCTION INFORMATION:

 *************** function _main *****************
 Defined at:
		line 40 in file "main.c"
 Parameters:    Size  Location     Type
		None
 Auto vars:     Size  Location     Type
  payload        32   36[COMRAM] unsigned char [32]
  k               1   69[COMRAM] unsigned char 
  maincounter     1   68[COMRAM] unsigned char 
 Return value:  Size  Location     Type
                  2  125[None  ] int 
 Registers used:
		wreg, fsr2l, fsr2h, status,2, status,0, prodl, prodh, cstack
 Tracked objects:
		On entry : 
		On exit  : 
		Unchanged: 
 Data sizes:     COMRAM   BANK0   BANK1   BANK2   BANK3   BANK4   BANK5   BANK6   BANK7
      Params:         0       0       0       0       0       0       0       0       0
      Locals:        34       0       0       0       0       0       0       0       0
      Temps:          1       0       0       0       0       0       0       0       0
      Totals:        35       0       0       0       0       0       0       0       0
Total ram usage:       35 bytes
 Hardware stack levels required when called:    7
 This function calls:
		__delay_10ms
		_wl_module_init
		_wl_module_send
		_wl_module_tx_config
 This function is called by:
		Startup code after reset
 This function uses a non-reentrant model


 *************** function _wl_module_tx_config *****************
 Defined at:
		line 107 in file "wl_module.c"
 Parameters:    Size  Location     Type
  tx_nr           1    wreg     unsigned char 
 Auto vars:     Size  Location     Type
  tx_nr           1   29[COMRAM] unsigned char 
  tx_addr         5   30[COMRAM] unsigned char [5]
 Return value:  Size  Location     Type
                  1    wreg      void 
 Registers used:
		wreg, fsr2l, fsr2h, status,2, status,0, cstack
 Tracked objects:
		On entry : 
		On exit  : 
		Unchanged: 
 Data sizes:     COMRAM   BANK0   BANK1   BANK2   BANK3   BANK4   BANK5   BANK6   BANK7
      Params:         0       0       0       0       0       0       0       0       0
      Locals:         6       0       0       0       0       0       0       0       0
      Temps:          0       0       0       0       0       0       0       0       0
      Totals:         6       0       0       0       0       0       0       0       0
Total ram usage:        6 bytes
 Hardware stack levels used:    1
 Hardware stack levels required when called:    6
 This function calls:
		_wl_module_config_register
		_wl_module_set_RADDR
		_wl_module_set_TADDR
 This function is called by:
		_main
 This function uses a non-reentrant model


 *************** function _wl_module_set_TADDR *****************
 Defined at:
		line 300 in file "wl_module.c"
 Parameters:    Size  Location     Type
  adr             2   27[COMRAM] PTR unsigned char 
		 -> wl_module_tx_config@tx_addr(5), 
 Auto vars:     Size  Location     Type
		None
 Return value:  Size  Location     Type
                  1    wreg      void 
 Registers used:
		wreg, fsr2l, fsr2h, status,2, status,0, cstack
 Tracked objects:
		On entry : 
		On exit  : 
		Unchanged: 
 Data sizes:     COMRAM   BANK0   BANK1   BANK2   BANK3   BANK4   BANK5   BANK6   BANK7
      Params:         2       0       0       0       0       0       0       0       0
      Locals:         0       0       0       0       0       0       0       0       0
      Temps:          0       0       0       0       0       0       0       0       0
      Totals:         2       0       0       0       0       0       0       0       0
Total ram usage:        2 bytes
 Hardware stack levels used:    1
 Hardware stack levels required when called:    5
 This function calls:
		_wl_module_write_register
 This function is called by:
		_wl_module_tx_config
 This function uses a non-reentrant model


 *************** function _wl_module_set_RADDR *****************
 Defined at:
		line 292 in file "wl_module.c"
 Parameters:    Size  Location     Type
  adr             2   27[COMRAM] PTR unsigned char 
		 -> wl_module_tx_config@tx_addr(5), 
 Auto vars:     Size  Location     Type
		None
 Return value:  Size  Location     Type
                  1    wreg      void 
 Registers used:
		wreg, fsr2l, fsr2h, status,2, status,0, cstack
 Tracked objects:
		On entry : 
		On exit  : 
		Unchanged: 
 Data sizes:     COMRAM   BANK0   BANK1   BANK2   BANK3   BANK4   BANK5   BANK6   BANK7
      Params:         2       0       0       0       0       0       0       0       0
      Locals:         0       0       0       0       0       0       0       0       0
      Temps:          0       0       0       0       0       0       0       0       0
      Totals:         2       0       0       0       0       0       0       0       0
Total ram usage:        2 bytes
 Hardware stack levels used:    1
 Hardware stack levels required when called:    5
 This function calls:
		_wl_module_write_register
 This function is called by:
		_wl_module_tx_config
 This function uses a non-reentrant model


 *************** function _wl_module_write_register *****************
 Defined at:
		line 436 in file "wl_module.c"
 Parameters:    Size  Location     Type
  reg             1    wreg     unsigned char 
  value           2   23[COMRAM] PTR unsigned char 
		 -> wl_module_set_rx_pw@payloadwidth(1), wl_module_power_down@config(1), wl_module_set_as_tx@config(1), wl_module_tx_config@tx_addr(5), 
		 -> wl_module_rx_config@data(5), 
  len             1   25[COMRAM] unsigned char 
 Auto vars:     Size  Location     Type
  reg             1   26[COMRAM] unsigned char 
 Return value:  Size  Location     Type
                  1    wreg      void 
 Registers used:
		wreg, fsr2l, fsr2h, status,2, status,0, cstack
 Tracked objects:
		On entry : 
		On exit  : 
		Unchanged: 
 Data sizes:     COMRAM   BANK0   BANK1   BANK2   BANK3   BANK4   BANK5   BANK6   BANK7
      Params:         3       0       0       0       0       0       0       0       0
      Locals:         1       0       0       0       0       0       0       0       0
      Temps:          0       0       0       0       0       0       0       0       0
      Totals:         4       0       0       0       0       0       0       0       0
Total ram usage:        4 bytes
 Hardware stack levels used:    1
 Hardware stack levels required when called:    4
 This function calls:
		_spi_fast_shift
		_spi_transmit_sync
 This function is called by:
		_wl_module_set_RADDR
		_wl_module_set_TADDR
		_wl_module_set_tx_addr
		_wl_module_set_as_tx
		_wl_module_power_down
		_wl_module_set_rx_addr
		_wl_module_set_rx_pw
 This function uses a non-reentrant model


 *************** function _wl_module_send *****************
 Defined at:
		line 446 in file "wl_module.c"
 Parameters:    Size  Location     Type
  value           2   23[COMRAM] PTR unsigned char 
		 -> main@payload(32), 
  len             1   25[COMRAM] unsigned char 
 Auto vars:     Size  Location     Type
		None
 Return value:  Size  Location     Type
                  1    wreg      void 
 Registers used:
		wreg, fsr2l, fsr2h, status,2, status,0, cstack
 Tracked objects:
		On entry : 
		On exit  : 
		Unchanged: 
 Data sizes:     COMRAM   BANK0   BANK1   BANK2   BANK3   BANK4   BANK5   BANK6   BANK7
      Params:         3       0       0       0       0       0       0       0       0
      Locals:         0       0       0       0       0       0       0       0       0
      Temps:          0       0       0       0       0       0       0       0       0
      Totals:         3       0       0       0       0       0       0       0       0
Total ram usage:        3 bytes
 Hardware stack levels used:    1
 Hardware stack levels required when called:    5
 This function calls:
		_spi_fast_shift
		_spi_transmit_sync
		_wl_module_config_register
 This function is called by:
		_main
 This function uses a non-reentrant model


 *************** function _wl_module_config_register *****************
 Defined at:
		line 418 in file "wl_module.c"
 Parameters:    Size  Location     Type
  reg             1    wreg     unsigned char 
  value           1   19[COMRAM] unsigned char 
 Auto vars:     Size  Location     Type
  reg             1   20[COMRAM] unsigned char 
 Return value:  Size  Location     Type
                  1    wreg      void 
 Registers used:
		wreg, status,2, status,0, cstack
 Tracked objects:
		On entry : 
		On exit  : 
		Unchanged: 
 Data sizes:     COMRAM   BANK0   BANK1   BANK2   BANK3   BANK4   BANK5   BANK6   BANK7
      Params:         1       0       0       0       0       0       0       0       0
      Locals:         1       0       0       0       0       0       0       0       0
      Temps:          0       0       0       0       0       0       0       0       0
      Totals:         2       0       0       0       0       0       0       0       0
Total ram usage:        2 bytes
 Hardware stack levels used:    1
 Hardware stack levels required when called:    4
 This function calls:
		_spi_fast_shift
 This function is called by:
		_wl_module_tx_config
		_wl_module_send
		_wl_module_config
		_wl_module_rx_config
		_wl_module_get_data
 This function uses a non-reentrant model


 *************** function _spi_fast_shift *****************
 Defined at:
		line 62 in file "spi.c"
 Parameters:    Size  Location     Type
  data            1    wreg     unsigned char 
 Auto vars:     Size  Location     Type
  data            1   18[COMRAM] unsigned char 
 Return value:  Size  Location     Type
                  1    wreg      unsigned char 
 Registers used:
		wreg, status,2
 Tracked objects:
		On entry : 
		On exit  : 
		Unchanged: 
 Data sizes:     COMRAM   BANK0   BANK1   BANK2   BANK3   BANK4   BANK5   BANK6   BANK7
      Params:         0       0       0       0       0       0       0       0       0
      Locals:         1       0       0       0       0       0       0       0       0
      Temps:          0       0       0       0       0       0       0       0       0
      Totals:         1       0       0       0       0       0       0       0       0
Total ram usage:        1 bytes
 Hardware stack levels used:    1
 Hardware stack levels required when called:    3
 This function calls:
		Nothing
 This function is called by:
		_wl_module_config_register
		_wl_module_write_register
		_wl_module_send
		_wl_module_data_ready
		_wl_module_get_one_byte
		_wl_module_get_data
		_wl_module_read_register
 This function uses a non-reentrant model


 *************** function _spi_transmit_sync *****************
 Defined at:
		line 38 in file "spi.c"
 Parameters:    Size  Location     Type
  data            2   18[COMRAM] PTR unsigned char 
		 -> wl_module_set_rx_pw@payloadwidth(1), wl_module_power_down@config(1), wl_module_set_as_tx@config(1), wl_module_tx_config@tx_addr(5), 
		 -> wl_module_rx_config@data(5), main@payload(32), 
  length          2   20[COMRAM] unsigned int 
 Auto vars:     Size  Location     Type
  tmp             1   22[COMRAM] unsigned char 
 Return value:  Size  Location     Type
                  1    wreg      void 
 Registers used:
		wreg, fsr2l, fsr2h, status,2, status,0
 Tracked objects:
		On entry : 
		On exit  : 
		Unchanged: 
 Data sizes:     COMRAM   BANK0   BANK1   BANK2   BANK3   BANK4   BANK5   BANK6   BANK7
      Params:         4       0       0       0       0       0       0       0       0
      Locals:         1       0       0       0       0       0       0       0       0
      Temps:          0       0       0       0       0       0       0       0       0
      Totals:         5       0       0       0       0       0       0       0       0
Total ram usage:        5 bytes
 Hardware stack levels used:    1
 Hardware stack levels required when called:    3
 This function calls:
		Nothing
 This function is called by:
		_wl_module_write_register
		_wl_module_send
 This function uses a non-reentrant model


 *************** function _wl_module_init *****************
 Defined at:
		line 24 in file "wl_module.c"
 Parameters:    Size  Location     Type
		None
 Auto vars:     Size  Location     Type
		None
 Return value:  Size  Location     Type
                  1    wreg      void 
 Registers used:
		cstack
 Tracked objects:
		On entry : 
		On exit  : 
		Unchanged: 
 Data sizes:     COMRAM   BANK0   BANK1   BANK2   BANK3   BANK4   BANK5   BANK6   BANK7
      Params:         0       0       0       0       0       0       0       0       0
      Locals:         0       0       0       0       0       0       0       0       0
      Temps:          0       0       0       0       0       0       0       0       0
      Totals:         0       0       0       0       0       0       0       0       0
Total ram usage:        0 bytes
 Hardware stack levels used:    1
 Hardware stack levels required when called:    4
 This function calls:
		_spi_init
 This function is called by:
		_main
 This function uses a non-reentrant model


 *************** function _spi_init *****************
 Defined at:
		line 12 in file "spi.c"
 Parameters:    Size  Location     Type
		None
 Auto vars:     Size  Location     Type
		None
 Return value:  Size  Location     Type
                  1    wreg      void 
 Registers used:
		None
 Tracked objects:
		On entry : 
		On exit  : 
		Unchanged: 
 Data sizes:     COMRAM   BANK0   BANK1   BANK2   BANK3   BANK4   BANK5   BANK6   BANK7
      Params:         0       0       0       0       0       0       0       0       0
      Locals:         0       0       0       0       0       0       0       0       0
      Temps:          0       0       0       0       0       0       0       0       0
      Totals:         0       0       0       0       0       0       0       0       0
Total ram usage:        0 bytes
 Hardware stack levels used:    1
 Hardware stack levels required when called:    3
 This function calls:
		Nothing
 This function is called by:
		_wl_module_init
 This function uses a non-reentrant model


 *************** function __delay_10ms *****************
 Defined at:
		line 33 in file "main.c"
 Parameters:    Size  Location     Type
  length          2   18[COMRAM] int 
 Auto vars:     Size  Location     Type
		None
 Return value:  Size  Location     Type
                  1    wreg      void 
 Registers used:
		wreg, status,2, status,0
 Tracked objects:
		On entry : 
		On exit  : 
		Unchanged: 
 Data sizes:     COMRAM   BANK0   BANK1   BANK2   BANK3   BANK4   BANK5   BANK6   BANK7
      Params:         2       0       0       0       0       0       0       0       0
      Locals:         0       0       0       0       0       0       0       0       0
      Temps:          1       0       0       0       0       0       0       0       0
      Totals:         3       0       0       0       0       0       0       0       0
Total ram usage:        3 bytes
 Hardware stack levels used:    1
 Hardware stack levels required when called:    3
 This function calls:
		Nothing
 This function is called by:
		_main
 This function uses a non-reentrant model


 *************** function _ISR *****************
 Defined at:
		line 90 in file "main.c"
 Parameters:    Size  Location     Type
		None
 Auto vars:     Size  Location     Type
  status          1   17[COMRAM] unsigned char 
 Return value:  Size  Location     Type
                  1    wreg      void 
 Registers used:
		wreg, status,2, status,0, cstack
 Tracked objects:
		On entry : 
		On exit  : 
		Unchanged: 
 Data sizes:     COMRAM   BANK0   BANK1   BANK2   BANK3   BANK4   BANK5   BANK6   BANK7
      Params:         0       0       0       0       0       0       0       0       0
      Locals:         1       0       0       0       0       0       0       0       0
      Temps:         14       0       0       0       0       0       0       0       0
      Totals:        15       0       0       0       0       0       0       0       0
Total ram usage:       15 bytes
 Hardware stack levels used:    1
 Hardware stack levels required when called:    2
 This function calls:
		i2_spi_fast_shift
		i2_wl_module_config_register
 This function is called by:
		Interrupt level 2
 This function uses a non-reentrant model


 *************** function i2_wl_module_config_register *****************
 Defined at:
		line 418 in file "wl_module.c"
 Parameters:    Size  Location     Type
  reg             1    wreg     unsigned char 
  value           1    1[COMRAM] unsigned char 
 Auto vars:     Size  Location     Type
  reg             1    2[COMRAM] unsigned char 
 Return value:  Size  Location     Type
                  1    wreg      void 
 Registers used:
		wreg, status,2, status,0, cstack
 Tracked objects:
		On entry : 
		On exit  : 
		Unchanged: 
 Data sizes:     COMRAM   BANK0   BANK1   BANK2   BANK3   BANK4   BANK5   BANK6   BANK7
      Params:         1       0       0       0       0       0       0       0       0
      Locals:         1       0       0       0       0       0       0       0       0
      Temps:          0       0       0       0       0       0       0       0       0
      Totals:         2       0       0       0       0       0       0       0       0
Total ram usage:        2 bytes
 Hardware stack levels used:    1
 Hardware stack levels required when called:    1
 This function calls:
		i2_spi_fast_shift
 This function is called by:
		_ISR
 This function uses a non-reentrant model


 *************** function i2_spi_fast_shift *****************
 Defined at:
		line 62 in file "spi.c"
 Parameters:    Size  Location     Type
  data            1    wreg     unsigned char 
 Auto vars:     Size  Location     Type
  data            1    0[COMRAM] unsigned char 
 Return value:  Size  Location     Type
                  1    wreg      unsigned char 
 Registers used:
		wreg, status,2
 Tracked objects:
		On entry : 
		On exit  : 
		Unchanged: 
 Data sizes:     COMRAM   BANK0   BANK1   BANK2   BANK3   BANK4   BANK5   BANK6   BANK7
      Params:         0       0       0       0       0       0       0       0       0
      Locals:         1       0       0       0       0       0       0       0       0
      Temps:          0       0       0       0       0       0       0       0       0
      Totals:         1       0       0       0       0       0       0       0       0
Total ram usage:        1 bytes
 Hardware stack levels used:    1
 This function calls:
		Nothing
 This function is called by:
		_ISR
		i2_wl_module_config_register
 This function uses a non-reentrant model



MODULE INFORMATION

Module		Function		Class		Link	Load	Size
spi.c
		_spi_init      		CODE           	036A	0000	33
		_spi_transmit_sync		CODE           	031A	0000	45
		_spi_fast_shift		CODE           	042E	0000	17

spi.c estimated size: 95

shared
		i2_spi_fast_shift		CODE           	043E	0000	17
		__initialization		CODE           	041E	0000	3
		i2_wl_module_config_register		CODE           	03F2	0000	25

shared estimated size: 45

wl_module.c
		_wl_module_tx_config		CODE           	00CE	0000	375
		_wl_module_write_register		CODE           	0346	0000	37
		_wl_module_config_register		CODE           	03C2	0000	25
		_wl_module_send		CODE           	02D0	0000	75
		_wl_module_init		CODE           	03DA	0000	25
		_wl_module_set_RADDR		CODE           	03AA	0000	25
		_wl_module_set_TADDR		CODE           	040A	0000	21

wl_module.c estimated size: 583

main.c
		_ISR           		CODE           	0008	0000	195
		_main          		CODE           	0244	0000	141
		__delay_10ms   		CODE           	038A	0000	33

main.c estimated size: 369

