Microchip MPLAB XC8 Compiler V1.41 ()

Linker command line:

-W-3 --edf=C:\Program Files (x86)\Microchip\xc8\v1.41\dat\en_msgs.txt -cs \
  -h+dist/default/production\NRF_SlaveV2.X.production.sym \
  --cmf=dist/default/production\NRF_SlaveV2.X.production.cmf -z -Q18F45K50 \
  -oC:\Users\BRNS1\AppData\Local\Temp\sbh0.2 \
  -Mdist/default/production/NRF_SlaveV2.X.production.map -E1 -ver=XC8 \
  -ASTACK=0F1h-07ffh -pstack=STACK -ACODE=00h-07FFFh -ACONST=00h-07FFFh \
  -ASMALLCONST=0800h-08FFhx120 -AMEDIUMCONST=0800h-07FFFh -ACOMRAM=01h-05Fh \
  -AABS1=00h-07FFh -ABIGRAM=01h-07FFh -ARAM=060h-0FFh,0100h-01FFhx7 \
  -ABANK0=060h-0FFh -ABANK1=0100h-01FFh -ABANK2=0200h-02FFh \
  -ABANK3=0300h-03FFh -ABANK4=0400h-04FFh -ABANK5=0500h-05FFh \
  -ABANK6=0600h-06FFh -ABANK7=0700h-07FFh -ASFR=0F53h-0F5Fh,0F60h-0FFFh \
  -preset_vec=00h,intcode=08h,intcodelo,powerup,init -pramtop=0800h \
  -psmallconst=SMALLCONST -pmediumconst=MEDIUMCONST -pconst=CONST \
  -AFARRAM=00h-00h -ACONFIG=0300000h-030000Dh -pconfig=CONFIG \
  -AIDLOC=0200000h-0200007h -pidloc=IDLOC -AEEDATA=0F00000h-0F000FFh \
  -peeprom_data=EEDATA \
  -prdata=COMRAM,nvrram=COMRAM,nvbit=COMRAM,rbss=COMRAM,rbit=COMRAM \
  -pfarbss=FARRAM,fardata=FARRAM,nvFARRAM=FARRAM \
  -pintsave_regs=BIGRAM,bigbss=BIGRAM,bigdata=BIGRAM -pbss=RAM \
  -pidata=CODE,irdata=CODE,ibigdata=CODE,ifardata=CODE -prparam=COMRAM \
  C:\Users\BRNS1\AppData\Local\Temp\sbh0.obj \
  dist/default/production\NRF_SlaveV2.X.production.obj 

Object code version is 3.11

Machine type is 18F45K50

Call graph: (short form)




                Name                               Link     Load   Length Selector   Space Scale
C:\Users\BRNS1\AppData\Local\Temp\sbh0.obj
                init                                 C4       C4        4        4       0
                reset_vec                             0        0        4        0       0
                idloc                            200000   200000        8   200000       0
                config                           300000   300000        E   300000       0
dist/default/production\NRF_SlaveV2.X.production.obj
                intcode                               8        8       BC        4       0
                temp                                 4B       4B        1        1       1
                smallconst                          800      800       8C      400       0
                text41                             2F0E     2F0E       10      446       0
                text40                             2ED4     2ED4       18      446       0
                text38                             2D98     2D98       2C      446       0
                text37                             2D6A     2D6A       2E      446       0
                text36                             2C2A     2C2A       3A      446       0
                text35                             2DEA     2DEA       26      446       0
                text34                             29D8     29D8       7C      446       0
                text33                             2C9C     2C9C       38      446       0
                text32                             2EEC     2EEC       12      446       0
                text31                             2BE2     2BE2       48      446       0
                text30                             2F1E     2F1E        A      446       0
                text29                             2E30     2E30       20      446       0
                text28                             2792     2792       AE      446       0
                text27                             2230     2230      14C      446       0
                text26                             26CA     26CA       C8      446       0
                text25                             2D3A     2D3A       30      446       0
                text24                             1C0A     1C0A      268      446       0
                text23                             2B96     2B96       4C      446       0
                text22                             25D6     25D6       F4      446       0
                text21                             2956     2956       82      446       0
                text20                             2B30     2B30       66      446       0
                text19                             2AC4     2AC4       6C      446       0
                text18                             24AE     24AE      128      446       0
                text17                             237C     237C      132      446       0
                text16                             28D2     28D2       84      446       0
                text15                             2A54     2A54       70      446       0
                text14                             20D2     20D2      15E      446       0
                text13                             2DC4     2DC4       26      446       0
                text12                             1E72     1E72      260      446       0
                text11                             2E50     2E50       1E      446       0
                text10                             17F4     17F4      416      446       0
                text9                               88C      88C      F68      446       0
                text8                              2EFE     2EFE       10      446       0
                text7                              2EBC     2EBC       18      446       0
                text6                              2D0A     2D0A       30      446       0
                text5                              2E6E     2E6E       1C      446       0
                text4                              2C64     2C64       38      446       0
                text3                              2CD4     2CD4       36      446       0
                text2                              2E10     2E10       20      446       0
                text1                              2EA4     2EA4       18      446       0
                text0                              2840     2840       92      446       0
                cstackCOMRAM                          1        1       3A        1       1
                cstackBANK0                          60       60       91       60       1
                bssCOMRAM                            3B       3B       10        1       1
                cinit                              2E8A     2E8A       1A      446       0

TOTAL           Name                               Link     Load   Length     Space
        CLASS   STACK          

        CLASS   CODE           
                intcode                               8        8       BC         0
                init                                 C4       C4        4         0
                reset_vec                             0        0        4         0
                text41                             2F0E     2F0E       10         0
                text40                             2ED4     2ED4       18         0
                text38                             2D98     2D98       2C         0
                text37                             2D6A     2D6A       2E         0
                text36                             2C2A     2C2A       3A         0
                text35                             2DEA     2DEA       26         0
                text34                             29D8     29D8       7C         0
                text33                             2C9C     2C9C       38         0
                text32                             2EEC     2EEC       12         0
                text31                             2BE2     2BE2       48         0
                text30                             2F1E     2F1E        A         0
                text29                             2E30     2E30       20         0
                text28                             2792     2792       AE         0
                text27                             2230     2230      14C         0
                text26                             26CA     26CA       C8         0
                text25                             2D3A     2D3A       30         0
                text24                             1C0A     1C0A      268         0
                text23                             2B96     2B96       4C         0
                text22                             25D6     25D6       F4         0
                text21                             2956     2956       82         0
                text20                             2B30     2B30       66         0
                text19                             2AC4     2AC4       6C         0
                text18                             24AE     24AE      128         0
                text17                             237C     237C      132         0
                text16                             28D2     28D2       84         0
                text15                             2A54     2A54       70         0
                text14                             20D2     20D2      15E         0
                text13                             2DC4     2DC4       26         0
                text12                             1E72     1E72      260         0
                text11                             2E50     2E50       1E         0
                text10                             17F4     17F4      416         0
                text9                               88C      88C      F68         0
                text8                              2EFE     2EFE       10         0
                text7                              2EBC     2EBC       18         0
                text6                              2D0A     2D0A       30         0
                text5                              2E6E     2E6E       1C         0
                text4                              2C64     2C64       38         0
                text3                              2CD4     2CD4       36         0
                text2                              2E10     2E10       20         0
                text1                              2EA4     2EA4       18         0
                text0                              2840     2840       92         0
                cinit                              2E8A     2E8A       1A         0

        CLASS   CONST          

        CLASS   SMALLCONST     
                smallconst                          800      800       8C         0

        CLASS   MEDIUMCONST    

        CLASS   COMRAM         
                temp                                 4B       4B        1         1
                cstackCOMRAM                          1        1       3A         1
                bssCOMRAM                            3B       3B       10         1

        CLASS   ABS1           

        CLASS   BIGRAM         

        CLASS   RAM            

        CLASS   BANK0          
                cstackBANK0                          60       60       91         1

        CLASS   BANK1          

        CLASS   BANK2          

        CLASS   BANK3          

        CLASS   BANK4          

        CLASS   BANK5          

        CLASS   BANK6          

        CLASS   BANK7          

        CLASS   SFR            

        CLASS   FARRAM         

        CLASS   CONFIG         
                config                           300000   300000        E         0

        CLASS   IDLOC          
                idloc                            200000   200000        8         0

        CLASS   EEDATA         



SEGMENTS        Name                           Load    Length   Top    Selector   Space  Class

                reset_vec                      000000  000004  000004         0       0  CODE    
                cstackCOMRAM                   000001  00004B  00004C         1       1  COMRAM  
                intcode                        000008  0000C0  0000C8         4       0  CODE    
                cstackBANK0                    000060  000091  0000F1        60       1  BANK0   
                smallconst                     000800  00008C  00088C       400       0  SMALLCON
                text9                          00088C  00269C  002F28       446       0  CODE    
                idloc                          200000  000008  200008    200000       0  IDLOC   
                config                         300000  00000E  30000E    300000       0  CONFIG  


UNUSED ADDRESS RANGES

        Name                Unused          Largest block    Delta
        BANK0            0000F1-0000FF                F
        BANK1            000100-0001FF              100
        BANK2            000200-0002FF              100
        BANK3            000300-0003FF              100
        BANK4            000400-0004FF              100
        BANK5            000500-0005FF              100
        BANK6            000600-0006FF              100
        BANK7            000700-0007FF              100
        BIGRAM           00004C-00005F               14
                         0000F1-0007FF              70F
        CODE             000004-000007                4
                         0000C8-0007FF              738
                         002F28-007FFF             50D8
        COMRAM           00004C-00005F               14
        CONST            000004-000007                4
                         0000C8-0007FF              738
                         002F28-007FFF             50D8
        EEDATA           F00000-F000FF              100
        MEDIUMCONST      002F28-007FFF             50D8
        RAM              0000F1-0007FF              100
        SFR              000F53-000FFF                D
        SMALLCONST       002F28-007FFF              100
        STACK            0000F1-0007FF              70F

                                  Symbol Table

?___awdiv                             cstackCOMRAM 000019
?___awmod                             cstackCOMRAM 000013
?___ftadd                             cstackBANK0  000080
?___ftdiv                             cstackBANK0  00007D
?___ftmul                             cstackBANK0  000067
?___ftneg                             cstackBANK0  000064
?___ftpack                            cstackCOMRAM 000013
?___ftsub                             cstackBANK0  00008C
?___fttol                             cstackCOMRAM 000027
?___lldiv                             cstackCOMRAM 000013
?___llmod                             cstackCOMRAM 000013
?___lltoft                            cstackCOMRAM 000036
?___wmul                              cstackCOMRAM 000021
?__div_to_l_                          cstackCOMRAM 000013
?__tdiv_to_l_                         cstackCOMRAM 000013
?_fround                              cstackBANK0  000076
?_scale                               cstackBANK0  000076
?_sprintf                             cstackBANK0  000095
ISR@status                            cstackCOMRAM 000012
LCDGoto@ln                            cstackCOMRAM 000016
LCDGoto@pos                           cstackCOMRAM 00001B
LCDPutChar@ch                         cstackCOMRAM 000015
LCDPutCmd@ch                          cstackCOMRAM 000015
LCDPutStr@i                           cstackCOMRAM 00001A
LCDPutStr@str                         cstackCOMRAM 000016
LCDWriteNibble@ch                     cstackCOMRAM 000014
LCDWriteNibble@rs                     cstackCOMRAM 000013
_ACTCON                               (abs)        000FB5
_ANSELA                               (abs)        000F5B
_ANSELB                               (abs)        000F5C
_ANSELBbits                           (abs)        000F5C
_ANSELC                               (abs)        000F5D
_ANSELD                               (abs)        000F5E
_ANSELE                               (abs)        000F5F
_INTCON2bits                          (abs)        000FF1
_INTCON3bits                          (abs)        000FF0
_INTCONbits                           (abs)        000FF2
_ISR                                  intcode      000008
_LATA                                 (abs)        000F89
_LATB                                 (abs)        000F8A
_LATBbits                             (abs)        000F8A
_LATC                                 (abs)        000F8B
_LATD                                 (abs)        000F8C
_LATE                                 (abs)        000F8D
_LCDGoto                              text36       002C2A
_LCDGoto$1025                         cstackCOMRAM 000019
_LCDPutChar                           text35       002DEA
_LCDPutCmd                            text37       002D6A
_LCDPutStr                            text34       0029D8
_LCDWriteNibble                       text38       002D98
_LCD_Initialize                       text33       002C9C
_OSCCON                               (abs)        000FD3
_OSCCON2                              (abs)        000FD2
_OSCILLATOR_Initialize                text32       002EEC
_OSCTUNE                              (abs)        000F9B
_PIN_MANAGER_Initialize               text31       002BE2
_PIR1bits                             (abs)        000F9E
_PORTD                                (abs)        000F83
_PORTDbits                            (abs)        000F83
_PTX                                  bssCOMRAM    00004A
_SSP1BUF                              (abs)        000FC9
_SSP1CON1bits                         (abs)        000FC6
_SSP1STATbits                         (abs)        000FC7
_SYSTEM_Initialize                    text30       002F1E
_TRISA                                (abs)        000F92
_TRISAbits                            (abs)        000F92
_TRISB                                (abs)        000F93
_TRISBbits                            (abs)        000F93
_TRISC                                (abs)        000F94
_TRISCbits                            (abs)        000F94
_TRISD                                (abs)        000F95
_TRISE                                (abs)        000F96
_WPUB                                 (abs)        000F85
__CFG_BOREN$SBORDIS                   (abs)        000000
__CFG_BORV$190                        (abs)        000000
__CFG_CCP2MX$RC1                      (abs)        000000
__CFG_CFGPLLEN$OFF                    (abs)        000000
__CFG_CP0$OFF                         (abs)        000000
__CFG_CP1$OFF                         (abs)        000000
__CFG_CP2$OFF                         (abs)        000000
__CFG_CP3$OFF                         (abs)        000000
__CFG_CPB$OFF                         (abs)        000000
__CFG_CPD$OFF                         (abs)        000000
__CFG_CPUDIV$NOCLKDIV                 (abs)        000000
__CFG_DEBUG$OFF                       (abs)        000000
__CFG_EBTR0$OFF                       (abs)        000000
__CFG_EBTR1$OFF                       (abs)        000000
__CFG_EBTR2$OFF                       (abs)        000000
__CFG_EBTR3$OFF                       (abs)        000000
__CFG_EBTRB$OFF                       (abs)        000000
__CFG_FCMEN$ON                        (abs)        000000
__CFG_FOSC$HSH                        (abs)        000000
__CFG_ICPRT$OFF                       (abs)        000000
__CFG_IESO$OFF                        (abs)        000000
__CFG_LS48MHZ$SYS24X4                 (abs)        000000
__CFG_LVP$ON                          (abs)        000000
__CFG_MCLRE$ON                        (abs)        000000
__CFG_PBADEN$ON                       (abs)        000000
__CFG_PCLKEN$ON                       (abs)        000000
__CFG_PLLSEL$PLL4X                    (abs)        000000
__CFG_SDOMX$RB3                       (abs)        000000
__CFG_STVREN$ON                       (abs)        000000
__CFG_T3CMX$RC0                       (abs)        000000
__CFG_WDTEN$OFF                       (abs)        000000
__CFG_WDTPS$32768                     (abs)        000000
__CFG_WRT0$OFF                        (abs)        000000
__CFG_WRT1$OFF                        (abs)        000000
__CFG_WRT2$OFF                        (abs)        000000
__CFG_WRT3$OFF                        (abs)        000000
__CFG_WRTB$OFF                        (abs)        000000
__CFG_WRTC$OFF                        (abs)        000000
__CFG_WRTD$OFF                        (abs)        000000
__CFG_XINST$OFF                       (abs)        000000
__CFG_nLPBOR$OFF                      (abs)        000000
__CFG_nPWRTEN$ON                      (abs)        000000
__HRAM                                (abs)        000000
__Habs1                               abs1         000000
__Hbank0                              bank0        000000
__Hbank1                              bank1        000000
__Hbank2                              bank2        000000
__Hbank3                              bank3        000000
__Hbank4                              bank4        000000
__Hbank5                              bank5        000000
__Hbank6                              bank6        000000
__Hbank7                              bank7        000000
__Hbigbss                             bigbss       000000
__Hbigdata                            bigdata      000000
__Hbigram                             bigram       000000
__Hbss                                bss          000000
__HbssCOMRAM                          bssCOMRAM    000000
__Hcinit                              cinit        000000
__Hclrtext                            clrtext      000000
__Hcomram                             comram       000000
__Hconfig                             config       30000E
__Hconst                              const        000000
__HcstackBANK0                        cstackBANK0  000000
__HcstackCOMRAM                       cstackCOMRAM 000000
__Hdata                               data         000000
__Heeprom_data                        eeprom_data  000000
__Hfarbss                             farbss       000000
__Hfardata                            fardata      000000
__Hibigdata                           ibigdata     000000
__Hidata                              idata        000000
__Hidloc                              idloc        200008
__Hifardata                           ifardata     000000
__Hinit                               init         0000C8
__Hintcode                            intcode      0000C4
__Hintcode_body                       intcode_body 000000
__Hintcodelo                          intcodelo    0000C4
__Hintentry                           intentry     000000
__Hintret                             intret       000000
__Hintsave_regs                       intsave_regs 000000
__Hirdata                             irdata       000000
__Hmediumconst                        mediumconst  000000
__HnvFARRAM                           nvFARRAM     000000
__Hnvbit                              nvbit        000000
__Hnvrram                             nvrram       000000
__Hparam                              rparam       000000
__Hpowerup                            powerup      0000C4
__Hram                                ram          000000
__Hramtop                             ramtop       000800
__Hrbit                               rbit         000000
__Hrbss                               rbss         000000
__Hrdata                              rdata        000000
__Hreset_vec                          reset_vec    000004
__Hrparam                             rparam       000000
__Hsfr                                sfr          000000
__Hsmallconst                         smallconst   00088C
__Hspace_0                            (abs)        30000E
__Hspace_1                            (abs)        0000F1
__Hspace_2                            (abs)        000000
__Hstack                              stack        000000
__Hstruct                             struct       000000
__Htemp                               temp         00004C
__Htext                               text         000000
__Htext0                              text0        000000
__Htext1                              text1        000000
__Htext10                             text10       000000
__Htext11                             text11       000000
__Htext12                             text12       000000
__Htext13                             text13       000000
__Htext14                             text14       000000
__Htext15                             text15       000000
__Htext16                             text16       000000
__Htext17                             text17       000000
__Htext18                             text18       000000
__Htext19                             text19       000000
__Htext2                              text2        000000
__Htext20                             text20       000000
__Htext21                             text21       000000
__Htext22                             text22       000000
__Htext23                             text23       000000
__Htext24                             text24       000000
__Htext25                             text25       000000
__Htext26                             text26       000000
__Htext27                             text27       000000
__Htext28                             text28       000000
__Htext29                             text29       000000
__Htext3                              text3        000000
__Htext30                             text30       000000
__Htext31                             text31       000000
__Htext32                             text32       000000
__Htext33                             text33       000000
__Htext34                             text34       000000
__Htext35                             text35       000000
__Htext36                             text36       000000
__Htext37                             text37       000000
__Htext38                             text38       000000
__Htext4                              text4        000000
__Htext40                             text40       000000
__Htext41                             text41       000000
__Htext5                              text5        000000
__Htext6                              text6        000000
__Htext7                              text7        000000
__Htext8                              text8        000000
__Htext9                              text9        000000
__LRAM                                (abs)        000001
__Labs1                               abs1         000000
__Lbank0                              bank0        000000
__Lbank1                              bank1        000000
__Lbank2                              bank2        000000
__Lbank3                              bank3        000000
__Lbank4                              bank4        000000
__Lbank5                              bank5        000000
__Lbank6                              bank6        000000
__Lbank7                              bank7        000000
__Lbigbss                             bigbss       000000
__Lbigdata                            bigdata      000000
__Lbigram                             bigram       000000
__Lbss                                bss          000000
__LbssCOMRAM                          bssCOMRAM    000000
__Lcinit                              cinit        000000
__Lclrtext                            clrtext      000000
__Lcomram                             comram       000000
__Lconfig                             config       300000
__Lconst                              const        000000
__LcstackBANK0                        cstackBANK0  000000
__LcstackCOMRAM                       cstackCOMRAM 000000
__Ldata                               data         000000
__Leeprom_data                        eeprom_data  000000
__Lfarbss                             farbss       000000
__Lfardata                            fardata      000000
__Libigdata                           ibigdata     000000
__Lidata                              idata        000000
__Lidloc                              idloc        200000
__Lifardata                           ifardata     000000
__Linit                               init         0000C4
__Lintcode                            intcode      000008
__Lintcode_body                       intcode_body 000000
__Lintcodelo                          intcodelo    0000C4
__Lintentry                           intentry     000000
__Lintret                             intret       000000
__Lintsave_regs                       intsave_regs 000000
__Lirdata                             irdata       000000
__Lmediumconst                        mediumconst  000000
__LnvFARRAM                           nvFARRAM     000000
__Lnvbit                              nvbit        000000
__Lnvrram                             nvrram       000000
__Lparam                              rparam       000000
__Lpowerup                            powerup      0000C4
__Lram                                ram          000000
__Lramtop                             ramtop       000800
__Lrbit                               rbit         000000
__Lrbss                               rbss         000000
__Lrdata                              rdata        000000
__Lreset_vec                          reset_vec    000000
__Lrparam                             rparam       000000
__Lsfr                                sfr          000000
__Lsmallconst                         smallconst   000800
__Lspace_0                            (abs)        000000
__Lspace_1                            (abs)        000000
__Lspace_2                            (abs)        000000
__Lstack                              stack        000000
__Lstruct                             struct       000000
__Ltemp                               temp         00004B
__Ltext                               text         000000
__Ltext0                              text0        000000
__Ltext1                              text1        000000
__Ltext10                             text10       000000
__Ltext11                             text11       000000
__Ltext12                             text12       000000
__Ltext13                             text13       000000
__Ltext14                             text14       000000
__Ltext15                             text15       000000
__Ltext16                             text16       000000
__Ltext17                             text17       000000
__Ltext18                             text18       000000
__Ltext19                             text19       000000
__Ltext2                              text2        000000
__Ltext20                             text20       000000
__Ltext21                             text21       000000
__Ltext22                             text22       000000
__Ltext23                             text23       000000
__Ltext24                             text24       000000
__Ltext25                             text25       000000
__Ltext26                             text26       000000
__Ltext27                             text27       000000
__Ltext28                             text28       000000
__Ltext29                             text29       000000
__Ltext3                              text3        000000
__Ltext30                             text30       000000
__Ltext31                             text31       000000
__Ltext32                             text32       000000
__Ltext33                             text33       000000
__Ltext34                             text34       000000
__Ltext35                             text35       000000
__Ltext36                             text36       000000
__Ltext37                             text37       000000
__Ltext38                             text38       000000
__Ltext4                              text4        000000
__Ltext40                             text40       000000
__Ltext41                             text41       000000
__Ltext5                              text5        000000
__Ltext6                              text6        000000
__Ltext7                              text7        000000
__Ltext8                              text8        000000
__Ltext9                              text9        000000
__S0                                  (abs)        30000E
__S1                                  (abs)        0000F1
__S2                                  (abs)        000000
___awdiv                              text16       0028D2
___awdiv@counter                      cstackCOMRAM 00001D
___awdiv@dividend                     cstackCOMRAM 000019
___awdiv@divisor                      cstackCOMRAM 00001B
___awdiv@quotient                     cstackCOMRAM 00001F
___awdiv@sign                         cstackCOMRAM 00001E
___awmod                              text15       002A54
___awmod@counter                      cstackCOMRAM 000017
___awmod@dividend                     cstackCOMRAM 000013
___awmod@divisor                      cstackCOMRAM 000015
___awmod@sign                         cstackCOMRAM 000018
___ftadd                              text24       001C0A
___ftadd@exp1                         cstackBANK0  00008B
___ftadd@exp2                         cstackBANK0  00008A
___ftadd@f1                           cstackBANK0  000080
___ftadd@f2                           cstackBANK0  000083
___ftadd@sign                         cstackBANK0  000089
___ftdiv                              text27       002230
___ftdiv@cntr                         cstackBANK0  000086
___ftdiv@exp                          cstackBANK0  00008A
___ftdiv@f1                           cstackBANK0  00007D
___ftdiv@f2                           cstackBANK0  000080
___ftdiv@f3                           cstackBANK0  000087
___ftdiv@sign                         cstackBANK0  00008B
___ftge                               text26       0026CA
___ftge@ff1                           cstackBANK0  00008C
___ftge@ff2                           cstackBANK0  00008F
___ftmul                              text14       0020D2
___ftmul@cntr                         cstackBANK0  000074
___ftmul@exp                          cstackBANK0  000070
___ftmul@f1                           cstackBANK0  000067
___ftmul@f2                           cstackBANK0  00006A
___ftmul@f3_as_product                cstackBANK0  000071
___ftmul@sign                         cstackBANK0  000075
___ftneg                              text25       002D3A
___ftneg@f1                           cstackBANK0  000064
___ftpack                             text28       002792
___ftpack@arg                         cstackCOMRAM 000013
___ftpack@exp                         cstackCOMRAM 000016
___ftpack@sign                        cstackCOMRAM 000017
___ftsub                              text23       002B96
___ftsub@f1                           cstackBANK0  00008C
___ftsub@f2                           cstackBANK0  00008F
___fttol                              text22       0025D6
___fttol@exp1                         cstackCOMRAM 000035
___fttol@f1                           cstackCOMRAM 000027
___fttol@lval                         cstackCOMRAM 000031
___fttol@sign1                        cstackCOMRAM 000030
___inthi_sp                           stack        000000
___intlo_sp                           stack        000000
___lldiv                              text21       002956
___lldiv@counter                      cstackCOMRAM 00001F
___lldiv@dividend                     cstackCOMRAM 000013
___lldiv@divisor                      cstackCOMRAM 000017
___lldiv@quotient                     cstackCOMRAM 00001B
___llmod                              text20       002B30
___llmod@counter                      cstackCOMRAM 00001B
___llmod@dividend                     cstackCOMRAM 000013
___llmod@divisor                      cstackCOMRAM 000017
___lltoft                             text19       002AC4
___lltoft@c                           cstackCOMRAM 000036
___lltoft@exp                         cstackCOMRAM 00003A
___param_bank                         (abs)        000000
___rparam_used                        (abs)        000001
___sp                                 stack        000000
___wmul                               text13       002DC4
___wmul@multiplicand                  cstackCOMRAM 000023
___wmul@multiplier                    cstackCOMRAM 000021
___wmul@product                       cstackCOMRAM 000025
__accesstop                           (abs)        000060
__activetblptr                        (abs)        000002
__delay_10ms                          text29       002E30
__delay_10ms@length                   cstackCOMRAM 000013
__div_to_l_                           text18       0024AE
__div_to_l_@cntr                      cstackCOMRAM 00001D
__div_to_l_@exp1                      cstackCOMRAM 00001E
__div_to_l_@f1                        cstackCOMRAM 000013
__div_to_l_@f2                        cstackCOMRAM 000016
__div_to_l_@quot                      cstackCOMRAM 000019
__end_of_ISR                          intcode      0000C4
__end_of_LCDGoto                      text36       002C64
__end_of_LCDPutChar                   text35       002E10
__end_of_LCDPutCmd                    text37       002D98
__end_of_LCDPutStr                    text34       002A54
__end_of_LCDWriteNibble               text38       002DC4
__end_of_LCD_Initialize               text33       002CD4
__end_of_OSCILLATOR_Initialize        text32       002EFE
__end_of_PIN_MANAGER_Initialize       text31       002C2A
__end_of_SYSTEM_Initialize            text30       002F28
__end_of___awdiv                      text16       002956
__end_of___awmod                      text15       002AC4
__end_of___ftadd                      text24       001E72
__end_of___ftdiv                      text27       00237C
__end_of___ftge                       text26       002792
__end_of___ftmul                      text14       002230
__end_of___ftneg                      text25       002D6A
__end_of___ftpack                     text28       002840
__end_of___ftsub                      text23       002BE2
__end_of___fttol                      text22       0026CA
__end_of___lldiv                      text21       0029D8
__end_of___llmod                      text20       002B96
__end_of___lltoft                     text19       002B30
__end_of___wmul                       text13       002DEA
__end_of__delay_10ms                  text29       002E50
__end_of__div_to_l_                   text18       0025D6
__end_of__initialization              cinit        002E96
__end_of__npowers_                    smallconst   000877
__end_of__powers_                     smallconst   000850
__end_of__tdiv_to_l_                  text17       0024AE
__end_of_dpowers                      smallconst   000829
__end_of_fround                       text12       0020D2
__end_of_isdigit                      text11       002E6E
__end_of_main                         text0        0028D2
__end_of_scale                        text10       001C0A
__end_of_spi_fast_shift               text8        002F0E
__end_of_spi_init                     text2        002E30
__end_of_spi_transfer_sync            text4        002C9C
__end_of_sprintf                      text9        0017F4
__end_of_wl_module_config             text6        002D3A
__end_of_wl_module_config_register    text7        002ED4
__end_of_wl_module_data_ready         text5        002E8A
__end_of_wl_module_get_data           text3        002D0A
__end_of_wl_module_init               text1        002EBC
__end_ofi2_spi_fast_shift             text41       002F1E
__end_ofi2_wl_module_config_register  text40       002EEC
__initialization                      cinit        002E8A
__mediumconst                         mediumconst  000000
__npowers_                            smallconst   000850
__pbssCOMRAM                          bssCOMRAM    00003B
__pcinit                              cinit        002E8A
__pcstackBANK0                        cstackBANK0  000060
__pcstackCOMRAM                       cstackCOMRAM 000001
__pintcode                            intcode      000008
__powers_                             smallconst   000829
__psmallconst                         smallconst   000800
__ptext0                              text0        002840
__ptext1                              text1        002EA4
__ptext10                             text10       0017F4
__ptext11                             text11       002E50
__ptext12                             text12       001E72
__ptext13                             text13       002DC4
__ptext14                             text14       0020D2
__ptext15                             text15       002A54
__ptext16                             text16       0028D2
__ptext17                             text17       00237C
__ptext18                             text18       0024AE
__ptext19                             text19       002AC4
__ptext2                              text2        002E10
__ptext20                             text20       002B30
__ptext21                             text21       002956
__ptext22                             text22       0025D6
__ptext23                             text23       002B96
__ptext24                             text24       001C0A
__ptext25                             text25       002D3A
__ptext26                             text26       0026CA
__ptext27                             text27       002230
__ptext28                             text28       002792
__ptext29                             text29       002E30
__ptext3                              text3        002CD4
__ptext30                             text30       002F1E
__ptext31                             text31       002BE2
__ptext32                             text32       002EEC
__ptext33                             text33       002C9C
__ptext34                             text34       0029D8
__ptext35                             text35       002DEA
__ptext36                             text36       002C2A
__ptext37                             text37       002D6A
__ptext38                             text38       002D98
__ptext4                              text4        002C64
__ptext40                             text40       002ED4
__ptext41                             text41       002F0E
__ptext5                              text5        002E6E
__ptext6                              text6        002D0A
__ptext7                              text7        002EBC
__ptext8                              text8        002EFE
__ptext9                              text9        00088C
__ramtop                              ramtop       000800
__size_of_ISR                         (abs)        000000
__size_of_LCDGoto                     (abs)        000000
__size_of_LCDPutChar                  (abs)        000000
__size_of_LCDPutCmd                   (abs)        000000
__size_of_LCDPutStr                   (abs)        000000
__size_of_LCDWriteNibble              (abs)        000000
__size_of_LCD_Initialize              (abs)        000000
__size_of_OSCILLATOR_Initialize       (abs)        000000
__size_of_PIN_MANAGER_Initialize      (abs)        000000
__size_of_SYSTEM_Initialize           (abs)        000000
__size_of___awdiv                     (abs)        000000
__size_of___awmod                     (abs)        000000
__size_of___ftadd                     (abs)        000000
__size_of___ftdiv                     (abs)        000000
__size_of___ftge                      (abs)        000000
__size_of___ftmul                     (abs)        000000
__size_of___ftneg                     (abs)        000000
__size_of___ftpack                    (abs)        000000
__size_of___ftsub                     (abs)        000000
__size_of___fttol                     (abs)        000000
__size_of___lldiv                     (abs)        000000
__size_of___llmod                     (abs)        000000
__size_of___lltoft                    (abs)        000000
__size_of___wmul                      (abs)        000000
__size_of__delay_10ms                 (abs)        000000
__size_of__div_to_l_                  (abs)        000000
__size_of__tdiv_to_l_                 (abs)        000000
__size_of_fround                      (abs)        000000
__size_of_isdigit                     (abs)        000000
__size_of_main                        (abs)        000000
__size_of_scale                       (abs)        000000
__size_of_spi_fast_shift              (abs)        000000
__size_of_spi_init                    (abs)        000000
__size_of_spi_transfer_sync           (abs)        000000
__size_of_sprintf                     (abs)        000000
__size_of_wl_module_config            (abs)        000000
__size_of_wl_module_config_register   (abs)        000000
__size_of_wl_module_data_ready        (abs)        000000
__size_of_wl_module_get_data          (abs)        000000
__size_of_wl_module_init              (abs)        000000
__size_ofi2_spi_fast_shift            (abs)        000000
__size_ofi2_wl_module_config_register (abs)        000000
__smallconst                          smallconst   000800
__tdiv_to_l_                          text17       00237C
__tdiv_to_l_@cntr                     cstackCOMRAM 000020
__tdiv_to_l_@exp1                     cstackCOMRAM 000021
__tdiv_to_l_@f1                       cstackCOMRAM 000013
__tdiv_to_l_@f2                       cstackCOMRAM 000016
__tdiv_to_l_@quot                     cstackCOMRAM 00001C
_dpowers                              smallconst   000801
_fround                               text12       001E72
_fround$1747                          cstackBANK0  00007C
_fround$1748                          cstackBANK0  000079
_isdigit                              text11       002E50
_isdigit$1361                         cstackCOMRAM 000014
_main                                 text0        002840
_received_string                      bssCOMRAM    00003B
_scale                                text10       0017F4
_scale$1749                           cstackBANK0  000079
_spi_fast_shift                       text8        002EFE
_spi_init                             text2        002E10
_spi_transfer_sync                    text4        002C64
_sprintf                              text9        00088C
_sprintf$1750                         cstackBANK0  0000A1
_wl_module_config                     text6        002D0A
_wl_module_config_register            text7        002EBC
_wl_module_data_ready                 text5        002E6E
_wl_module_get_data                   text3        002CD4
_wl_module_init                       text1        002EA4
btemp                                 temp         00004B
end_of_initialization                 cinit        002E96
fround@prec                           cstackBANK0  00007F
i2_spi_fast_shift                     text41       002F0E
i2_wl_module_config_register          text40       002ED4
i2spi_fast_shift@data                 cstackCOMRAM 000001
i2wl_module_config_register@reg       cstackCOMRAM 000003
i2wl_module_config_register@value     cstackCOMRAM 000002
int$flags                             temp         00004B
intlevel0                             text         000000
intlevel1                             text         000000
intlevel2                             text         000000
intlevel3                             text         000000
isdigit@c                             cstackCOMRAM 000015
main@Buffer                           cstackBANK0  0000DB
main@hall                             cstackBANK0  0000BB
main@nRF_status                       cstackBANK0  0000EF
main@zaehler                          cstackBANK0  0000F0
scale@scl                             cstackBANK0  00007C
spi_fast_shift@data                   cstackCOMRAM 000013
spi_transfer_sync@datain              cstackCOMRAM 000015
spi_transfer_sync@dataout             cstackCOMRAM 000013
spi_transfer_sync@length              cstackCOMRAM 000017
sprintf@ap                            cstackBANK0  0000A4
sprintf@c                             cstackBANK0  0000BA
sprintf@exp                           cstackBANK0  0000B3
sprintf@f                             cstackBANK0  000097
sprintf@flag                          cstackBANK0  0000A9
sprintf@fval                          cstackBANK0  0000B7
sprintf@prec                          cstackBANK0  0000B5
sprintf@sp                            cstackBANK0  000095
sprintf@temp                          cstackBANK0  0000A6
sprintf@tmpval                        cstackBANK0  0000AB
sprintf@val                           cstackBANK0  0000AF
stackhi                               (abs)        0007FF
stacklo                               (abs)        0000F1
start                                 init         0000C4
start_initialization                  cinit        002E8A
wl_module_config_register@reg         cstackCOMRAM 000015
wl_module_config_register@value       cstackCOMRAM 000014
wl_module_data_ready@status           cstackCOMRAM 000014
wl_module_get_data@data               cstackCOMRAM 000019
wl_module_get_data@status             cstackCOMRAM 00001B


FUNCTION INFORMATION:

 *************** function _main *****************
 Defined at:
		line 41 in file "main.c"
 Parameters:    Size  Location     Type
		None
 Auto vars:     Size  Location     Type
  hall           32   91[BANK0 ] unsigned char [32]
  Buffer         20  123[BANK0 ] unsigned char [20]
  zaehler         1  144[BANK0 ] unsigned char 
  nRF_status      1  143[BANK0 ] unsigned char 
 Return value:  Size  Location     Type
                  2   44[None  ] int 
 Registers used:
		wreg, fsr0l, fsr0h, fsr2l, fsr2h, status,2, status,0, tblptrl, tblptrh, tblptru, prodl, prodh, cstack
 Tracked objects:
		On entry : 
		On exit  : 
		Unchanged: 
 Data sizes:     COMRAM   BANK0   BANK1   BANK2   BANK3   BANK4   BANK5   BANK6   BANK7
      Params:         0       0       0       0       0       0       0       0       0
      Locals:         0      54       0       0       0       0       0       0       0
      Temps:          0       0       0       0       0       0       0       0       0
      Totals:         0      54       0       0       0       0       0       0       0
Total ram usage:       54 bytes
 Hardware stack levels required when called:    7
 This function calls:
		_LCDGoto
		_LCDPutCmd
		_LCDPutStr
		_LCD_Initialize
		_SYSTEM_Initialize
		__delay_10ms
		_sprintf
		_wl_module_config
		_wl_module_data_ready
		_wl_module_get_data
		_wl_module_init
 This function is called by:
		Startup code after reset
 This function uses a non-reentrant model


 *************** function _wl_module_init *****************
 Defined at:
		line 23 in file "wl_module.c"
 Parameters:    Size  Location     Type
		None
 Auto vars:     Size  Location     Type
		None
 Return value:  Size  Location     Type
                  1    wreg      void 
 Registers used:
		cstack
 Tracked objects:
		On entry : 
		On exit  : 
		Unchanged: 
 Data sizes:     COMRAM   BANK0   BANK1   BANK2   BANK3   BANK4   BANK5   BANK6   BANK7
      Params:         0       0       0       0       0       0       0       0       0
      Locals:         0       0       0       0       0       0       0       0       0
      Temps:          0       0       0       0       0       0       0       0       0
      Totals:         0       0       0       0       0       0       0       0       0
Total ram usage:        0 bytes
 Hardware stack levels used:    1
 Hardware stack levels required when called:    4
 This function calls:
		_spi_init
 This function is called by:
		_main
 This function uses a non-reentrant model


 *************** function _spi_init *****************
 Defined at:
		line 12 in file "spi.c"
 Parameters:    Size  Location     Type
		None
 Auto vars:     Size  Location     Type
		None
 Return value:  Size  Location     Type
                  1    wreg      void 
 Registers used:
		None
 Tracked objects:
		On entry : 
		On exit  : 
		Unchanged: 
 Data sizes:     COMRAM   BANK0   BANK1   BANK2   BANK3   BANK4   BANK5   BANK6   BANK7
      Params:         0       0       0       0       0       0       0       0       0
      Locals:         0       0       0       0       0       0       0       0       0
      Temps:          0       0       0       0       0       0       0       0       0
      Totals:         0       0       0       0       0       0       0       0       0
Total ram usage:        0 bytes
 Hardware stack levels used:    1
 Hardware stack levels required when called:    3
 This function calls:
		Nothing
 This function is called by:
		_wl_module_init
 This function uses a non-reentrant model


 *************** function _wl_module_get_data *****************
 Defined at:
		line 405 in file "wl_module.c"
 Parameters:    Size  Location     Type
  data            2   24[COMRAM] PTR unsigned char 
		 -> main@hall(32), 
 Auto vars:     Size  Location     Type
  status          1   26[COMRAM] unsigned char 
 Return value:  Size  Location     Type
                  1    wreg      unsigned char 
 Registers used:
		wreg, fsr2l, fsr2h, status,2, status,0, cstack
 Tracked objects:
		On entry : 
		On exit  : 
		Unchanged: 
 Data sizes:     COMRAM   BANK0   BANK1   BANK2   BANK3   BANK4   BANK5   BANK6   BANK7
      Params:         2       0       0       0       0       0       0       0       0
      Locals:         1       0       0       0       0       0       0       0       0
      Temps:          0       0       0       0       0       0       0       0       0
      Totals:         3       0       0       0       0       0       0       0       0
Total ram usage:        3 bytes
 Hardware stack levels used:    1
 Hardware stack levels required when called:    5
 This function calls:
		_spi_fast_shift
		_spi_transfer_sync
		_wl_module_config_register
 This function is called by:
		_main
 This function uses a non-reentrant model


 *************** function _spi_transfer_sync *****************
 Defined at:
		line 50 in file "spi.c"
 Parameters:    Size  Location     Type
  dataout         2   18[COMRAM] PTR unsigned char 
		 -> wl_module_get_arc_cnt@data(1), wl_module_get_plos_cnt@data(1), wl_module_get_rf_setup@data(1), wl_module_get_rf_ch@data(1), 
		 -> wl_module_fifo_rx_empty@data(1), wl_module_fifo_tx_empty@data(1), wl_module_get_rx_pw@data(1), wl_module_power_down@config(1), 
		 -> wl_module_set_as_tx@config(1), main@hall(32), 
  datain          2   20[COMRAM] PTR unsigned char 
		 -> wl_module_get_arc_cnt@data(1), wl_module_get_plos_cnt@data(1), wl_module_get_rf_setup@data(1), wl_module_get_rf_ch@data(1), 
		 -> wl_module_fifo_rx_empty@data(1), wl_module_fifo_tx_empty@data(1), wl_module_get_rx_pw@data(1), wl_module_power_down@config(1), 
		 -> wl_module_set_as_tx@config(1), main@hall(32), 
  length          2   22[COMRAM] unsigned int 
 Auto vars:     Size  Location     Type
		None
 Return value:  Size  Location     Type
                  1    wreg      void 
 Registers used:
		wreg, fsr2l, fsr2h, status,2, status,0
 Tracked objects:
		On entry : 
		On exit  : 
		Unchanged: 
 Data sizes:     COMRAM   BANK0   BANK1   BANK2   BANK3   BANK4   BANK5   BANK6   BANK7
      Params:         6       0       0       0       0       0       0       0       0
      Locals:         0       0       0       0       0       0       0       0       0
      Temps:          0       0       0       0       0       0       0       0       0
      Totals:         6       0       0       0       0       0       0       0       0
Total ram usage:        6 bytes
 Hardware stack levels used:    1
 Hardware stack levels required when called:    3
 This function calls:
		Nothing
 This function is called by:
		_wl_module_get_data
		_wl_module_read_register
 This function uses a non-reentrant model


 *************** function _wl_module_data_ready *****************
 Defined at:
		line 307 in file "wl_module.c"
 Parameters:    Size  Location     Type
		None
 Auto vars:     Size  Location     Type
  status          1   19[COMRAM] unsigned char 
 Return value:  Size  Location     Type
                  1    wreg      unsigned char 
 Registers used:
		wreg, status,2, status,0, cstack
 Tracked objects:
		On entry : 
		On exit  : 
		Unchanged: 
 Data sizes:     COMRAM   BANK0   BANK1   BANK2   BANK3   BANK4   BANK5   BANK6   BANK7
      Params:         0       0       0       0       0       0       0       0       0
      Locals:         1       0       0       0       0       0       0       0       0
      Temps:          0       0       0       0       0       0       0       0       0
      Totals:         1       0       0       0       0       0       0       0       0
Total ram usage:        1 bytes
 Hardware stack levels used:    1
 Hardware stack levels required when called:    4
 This function calls:
		_spi_fast_shift
 This function is called by:
		_main
 This function uses a non-reentrant model


 *************** function _wl_module_config *****************
 Defined at:
		line 44 in file "wl_module.c"
 Parameters:    Size  Location     Type
		None
 Auto vars:     Size  Location     Type
		None
 Return value:  Size  Location     Type
                  1    wreg      void 
 Registers used:
		wreg, status,2, status,0, cstack
 Tracked objects:
		On entry : 
		On exit  : 
		Unchanged: 
 Data sizes:     COMRAM   BANK0   BANK1   BANK2   BANK3   BANK4   BANK5   BANK6   BANK7
      Params:         0       0       0       0       0       0       0       0       0
      Locals:         0       0       0       0       0       0       0       0       0
      Temps:          0       0       0       0       0       0       0       0       0
      Totals:         0       0       0       0       0       0       0       0       0
Total ram usage:        0 bytes
 Hardware stack levels used:    1
 Hardware stack levels required when called:    5
 This function calls:
		_wl_module_config_register
 This function is called by:
		_main
 This function uses a non-reentrant model


 *************** function _wl_module_config_register *****************
 Defined at:
		line 417 in file "wl_module.c"
 Parameters:    Size  Location     Type
  reg             1    wreg     unsigned char 
  value           1   19[COMRAM] unsigned char 
 Auto vars:     Size  Location     Type
  reg             1   20[COMRAM] unsigned char 
 Return value:  Size  Location     Type
                  1    wreg      void 
 Registers used:
		wreg, status,2, status,0, cstack
 Tracked objects:
		On entry : 
		On exit  : 
		Unchanged: 
 Data sizes:     COMRAM   BANK0   BANK1   BANK2   BANK3   BANK4   BANK5   BANK6   BANK7
      Params:         1       0       0       0       0       0       0       0       0
      Locals:         1       0       0       0       0       0       0       0       0
      Temps:          0       0       0       0       0       0       0       0       0
      Totals:         2       0       0       0       0       0       0       0       0
Total ram usage:        2 bytes
 Hardware stack levels used:    1
 Hardware stack levels required when called:    4
 This function calls:
		_spi_fast_shift
 This function is called by:
		_wl_module_config
		_wl_module_get_data
		_wl_module_rx_config
		_wl_module_tx_config
		_wl_module_send
 This function uses a non-reentrant model


 *************** function _spi_fast_shift *****************
 Defined at:
		line 62 in file "spi.c"
 Parameters:    Size  Location     Type
  data            1    wreg     unsigned char 
 Auto vars:     Size  Location     Type
  data            1   18[COMRAM] unsigned char 
 Return value:  Size  Location     Type
                  1    wreg      unsigned char 
 Registers used:
		wreg, status,2
 Tracked objects:
		On entry : 
		On exit  : 
		Unchanged: 
 Data sizes:     COMRAM   BANK0   BANK1   BANK2   BANK3   BANK4   BANK5   BANK6   BANK7
      Params:         0       0       0       0       0       0       0       0       0
      Locals:         1       0       0       0       0       0       0       0       0
      Temps:          0       0       0       0       0       0       0       0       0
      Totals:         1       0       0       0       0       0       0       0       0
Total ram usage:        1 bytes
 Hardware stack levels used:    1
 Hardware stack levels required when called:    3
 This function calls:
		Nothing
 This function is called by:
		_wl_module_data_ready
		_wl_module_get_data
		_wl_module_config_register
		_wl_module_get_one_byte
		_wl_module_read_register
		_wl_module_write_register
		_wl_module_send
 This function uses a non-reentrant model


 *************** function _sprintf *****************
 Defined at:
		line 492 in file "C:\Program Files (x86)\Microchip\xc8\v1.41\sources\common\doprnt.c"
 Parameters:    Size  Location     Type
  sp              2   53[BANK0 ] PTR unsigned char 
		 -> main@Buffer(20), 
  f               2   55[BANK0 ] PTR const unsigned char 
		 -> STR_2(5), 
 Auto vars:     Size  Location     Type
  temp            3   70[BANK0 ] PTR const unsigned char 
  val             4   79[BANK0 ] unsigned long 
  tmpval          4   75[BANK0 ] struct .
  fval            3   87[BANK0 ] struct .
  cp              3    0        PTR const unsigned char 
  prec            2   85[BANK0 ] int 
  exp             2   83[BANK0 ] int 
  flag            2   73[BANK0 ] unsigned short 
  ap              2   68[BANK0 ] PTR void [1]
		 -> ?_sprintf(2), 
  len             2    0        unsigned int 
  width           2    0        int 
  c               1   90[BANK0 ] char 
  d               1    0        unsigned char 
 Return value:  Size  Location     Type
                  2   53[BANK0 ] int 
 Registers used:
		wreg, fsr2l, fsr2h, status,2, status,0, tblptrl, tblptrh, tblptru, prodl, prodh, cstack
 Tracked objects:
		On entry : 
		On exit  : 
		Unchanged: 
 Data sizes:     COMRAM   BANK0   BANK1   BANK2   BANK3   BANK4   BANK5   BANK6   BANK7
      Params:         0       6       0       0       0       0       0       0       0
      Locals:         0      26       0       0       0       0       0       0       0
      Temps:          0       6       0       0       0       0       0       0       0
      Totals:         0      38       0       0       0       0       0       0       0
Total ram usage:       38 bytes
 Hardware stack levels used:    1
 Hardware stack levels required when called:    6
 This function calls:
		___awdiv
		___awmod
		___ftadd
		___ftdiv
		___ftge
		___ftmul
		___ftneg
		___ftsub
		___fttol
		___lldiv
		___llmod
		___lltoft
		___wmul
		__div_to_l_
		__tdiv_to_l_
		_fround
		_isdigit
		_scale
 This function is called by:
		_main
 This function uses a non-reentrant model


 *************** function _scale *****************
 Defined at:
		line 425 in file "C:\Program Files (x86)\Microchip\xc8\v1.41\sources\common\doprnt.c"
 Parameters:    Size  Location     Type
  scl             1    wreg     char 
 Auto vars:     Size  Location     Type
  scl             1   28[BANK0 ] char 
 Return value:  Size  Location     Type
                  3   22[BANK0 ] char 
 Registers used:
		wreg, status,2, status,0, tblptrl, tblptrh, tblptru, prodl, prodh, cstack
 Tracked objects:
		On entry : 
		On exit  : 
		Unchanged: 
 Data sizes:     COMRAM   BANK0   BANK1   BANK2   BANK3   BANK4   BANK5   BANK6   BANK7
      Params:         0       3       0       0       0       0       0       0       0
      Locals:         0       4       0       0       0       0       0       0       0
      Temps:          0       0       0       0       0       0       0       0       0
      Totals:         0       7       0       0       0       0       0       0       0
Total ram usage:        7 bytes
 Hardware stack levels used:    1
 Hardware stack levels required when called:    5
 This function calls:
		___awdiv
		___awmod
		___ftmul
		___wmul
 This function is called by:
		_sprintf
 This function uses a non-reentrant model


 *************** function _isdigit *****************
 Defined at:
		line 8 in file "C:\Program Files (x86)\Microchip\xc8\v1.41\sources\common\isdigit.c"
 Parameters:    Size  Location     Type
  c               1    wreg     unsigned char 
 Auto vars:     Size  Location     Type
  c               1   20[COMRAM] unsigned char 
 Return value:  Size  Location     Type
		None               void
 Registers used:
		wreg, status,2, status,0
 Tracked objects:
		On entry : 
		On exit  : 
		Unchanged: 
 Data sizes:     COMRAM   BANK0   BANK1   BANK2   BANK3   BANK4   BANK5   BANK6   BANK7
      Params:         0       0       0       0       0       0       0       0       0
      Locals:         2       0       0       0       0       0       0       0       0
      Temps:          1       0       0       0       0       0       0       0       0
      Totals:         3       0       0       0       0       0       0       0       0
Total ram usage:        3 bytes
 Hardware stack levels used:    1
 Hardware stack levels required when called:    3
 This function calls:
		Nothing
 This function is called by:
		_sprintf
 This function uses a non-reentrant model


 *************** function _fround *****************
 Defined at:
		line 409 in file "C:\Program Files (x86)\Microchip\xc8\v1.41\sources\common\doprnt.c"
 Parameters:    Size  Location     Type
  prec            1    wreg     unsigned char 
 Auto vars:     Size  Location     Type
  prec            1   31[BANK0 ] unsigned char 
 Return value:  Size  Location     Type
                  3   22[BANK0 ] unsigned char 
 Registers used:
		wreg, status,2, status,0, tblptrl, tblptrh, tblptru, prodl, prodh, cstack
 Tracked objects:
		On entry : 
		On exit  : 
		Unchanged: 
 Data sizes:     COMRAM   BANK0   BANK1   BANK2   BANK3   BANK4   BANK5   BANK6   BANK7
      Params:         0       3       0       0       0       0       0       0       0
      Locals:         0       7       0       0       0       0       0       0       0
      Temps:          0       0       0       0       0       0       0       0       0
      Totals:         0      10       0       0       0       0       0       0       0
Total ram usage:       10 bytes
 Hardware stack levels used:    1
 Hardware stack levels required when called:    5
 This function calls:
		___awdiv
		___awmod
		___ftmul
		___wmul
 This function is called by:
		_sprintf
 This function uses a non-reentrant model


 *************** function ___wmul *****************
 Defined at:
		line 15 in file "C:\Program Files (x86)\Microchip\xc8\v1.41\sources\common\Umul16.c"
 Parameters:    Size  Location     Type
  multiplier      2   32[COMRAM] unsigned int 
  multiplicand    2   34[COMRAM] unsigned int 
 Auto vars:     Size  Location     Type
  product         2   36[COMRAM] unsigned int 
 Return value:  Size  Location     Type
                  2   32[COMRAM] unsigned int 
 Registers used:
		wreg, status,2, status,0, prodl, prodh
 Tracked objects:
		On entry : 
		On exit  : 
		Unchanged: 
 Data sizes:     COMRAM   BANK0   BANK1   BANK2   BANK3   BANK4   BANK5   BANK6   BANK7
      Params:         4       0       0       0       0       0       0       0       0
      Locals:         2       0       0       0       0       0       0       0       0
      Temps:          0       0       0       0       0       0       0       0       0
      Totals:         6       0       0       0       0       0       0       0       0
Total ram usage:        6 bytes
 Hardware stack levels used:    1
 Hardware stack levels required when called:    3
 This function calls:
		Nothing
 This function is called by:
		_fround
		_scale
		_sprintf
 This function uses a non-reentrant model


 *************** function ___ftmul *****************
 Defined at:
		line 62 in file "C:\Program Files (x86)\Microchip\xc8\v1.41\sources\common\ftmul.c"
 Parameters:    Size  Location     Type
  f1              3    7[BANK0 ] float 
  f2              3   10[BANK0 ] float 
 Auto vars:     Size  Location     Type
  f3_as_produc    3   17[BANK0 ] unsigned um
  sign            1   21[BANK0 ] unsigned char 
  cntr            1   20[BANK0 ] unsigned char 
  exp             1   16[BANK0 ] unsigned char 
 Return value:  Size  Location     Type
                  3    7[BANK0 ] float 
 Registers used:
		wreg, status,2, status,0, cstack
 Tracked objects:
		On entry : 
		On exit  : 
		Unchanged: 
 Data sizes:     COMRAM   BANK0   BANK1   BANK2   BANK3   BANK4   BANK5   BANK6   BANK7
      Params:         0       6       0       0       0       0       0       0       0
      Locals:         0       6       0       0       0       0       0       0       0
      Temps:          0       3       0       0       0       0       0       0       0
      Totals:         0      15       0       0       0       0       0       0       0
Total ram usage:       15 bytes
 Hardware stack levels used:    1
 Hardware stack levels required when called:    4
 This function calls:
		___ftpack
 This function is called by:
		_fround
		_scale
		_sprintf
 This function uses a non-reentrant model


 *************** function ___awmod *****************
 Defined at:
		line 8 in file "C:\Program Files (x86)\Microchip\xc8\v1.41\sources\common\awmod.c"
 Parameters:    Size  Location     Type
  dividend        2   18[COMRAM] int 
  divisor         2   20[COMRAM] int 
 Auto vars:     Size  Location     Type
  sign            1   23[COMRAM] unsigned char 
  counter         1   22[COMRAM] unsigned char 
 Return value:  Size  Location     Type
                  2   18[COMRAM] int 
 Registers used:
		wreg, status,2, status,0
 Tracked objects:
		On entry : 
		On exit  : 
		Unchanged: 
 Data sizes:     COMRAM   BANK0   BANK1   BANK2   BANK3   BANK4   BANK5   BANK6   BANK7
      Params:         4       0       0       0       0       0       0       0       0
      Locals:         2       0       0       0       0       0       0       0       0
      Temps:          0       0       0       0       0       0       0       0       0
      Totals:         6       0       0       0       0       0       0       0       0
Total ram usage:        6 bytes
 Hardware stack levels used:    1
 Hardware stack levels required when called:    3
 This function calls:
		Nothing
 This function is called by:
		_fround
		_scale
		_sprintf
 This function uses a non-reentrant model


 *************** function ___awdiv *****************
 Defined at:
		line 8 in file "C:\Program Files (x86)\Microchip\xc8\v1.41\sources\common\awdiv.c"
 Parameters:    Size  Location     Type
  dividend        2   24[COMRAM] int 
  divisor         2   26[COMRAM] int 
 Auto vars:     Size  Location     Type
  quotient        2   30[COMRAM] int 
  sign            1   29[COMRAM] unsigned char 
  counter         1   28[COMRAM] unsigned char 
 Return value:  Size  Location     Type
                  2   24[COMRAM] int 
 Registers used:
		wreg, status,2, status,0
 Tracked objects:
		On entry : 
		On exit  : 
		Unchanged: 
 Data sizes:     COMRAM   BANK0   BANK1   BANK2   BANK3   BANK4   BANK5   BANK6   BANK7
      Params:         4       0       0       0       0       0       0       0       0
      Locals:         4       0       0       0       0       0       0       0       0
      Temps:          0       0       0       0       0       0       0       0       0
      Totals:         8       0       0       0       0       0       0       0       0
Total ram usage:        8 bytes
 Hardware stack levels used:    1
 Hardware stack levels required when called:    3
 This function calls:
		Nothing
 This function is called by:
		_fround
		_scale
		_sprintf
 This function uses a non-reentrant model


 *************** function __tdiv_to_l_ *****************
 Defined at:
		line 60 in file "C:\Program Files (x86)\Microchip\xc8\v1.41\sources\common\ftdivl.c"
 Parameters:    Size  Location     Type
  f1              3   18[COMRAM] float 
  f2              3   21[COMRAM] float 
 Auto vars:     Size  Location     Type
  quot            4   27[COMRAM] unsigned long 
  exp1            1   32[COMRAM] unsigned char 
  cntr            1   31[COMRAM] unsigned char 
 Return value:  Size  Location     Type
                  4   18[COMRAM] unsigned long 
 Registers used:
		wreg, status,2, status,0
 Tracked objects:
		On entry : 
		On exit  : 
		Unchanged: 
 Data sizes:     COMRAM   BANK0   BANK1   BANK2   BANK3   BANK4   BANK5   BANK6   BANK7
      Params:         6       0       0       0       0       0       0       0       0
      Locals:         6       0       0       0       0       0       0       0       0
      Temps:          3       0       0       0       0       0       0       0       0
      Totals:        15       0       0       0       0       0       0       0       0
Total ram usage:       15 bytes
 Hardware stack levels used:    1
 Hardware stack levels required when called:    3
 This function calls:
		Nothing
 This function is called by:
		_sprintf
 This function uses a non-reentrant model


 *************** function __div_to_l_ *****************
 Defined at:
		line 60 in file "C:\Program Files (x86)\Microchip\xc8\v1.41\sources\common\fldivl.c"
 Parameters:    Size  Location     Type
  f1              3   18[COMRAM] unsigned long 
  f2              3   21[COMRAM] unsigned long 
 Auto vars:     Size  Location     Type
  quot            4   24[COMRAM] unsigned long 
  exp1            1   29[COMRAM] unsigned char 
  cntr            1   28[COMRAM] unsigned char 
 Return value:  Size  Location     Type
                  4   18[COMRAM] unsigned long 
 Registers used:
		wreg, status,2, status,0
 Tracked objects:
		On entry : 
		On exit  : 
		Unchanged: 
 Data sizes:     COMRAM   BANK0   BANK1   BANK2   BANK3   BANK4   BANK5   BANK6   BANK7
      Params:         6       0       0       0       0       0       0       0       0
      Locals:         6       0       0       0       0       0       0       0       0
      Temps:          0       0       0       0       0       0       0       0       0
      Totals:        12       0       0       0       0       0       0       0       0
Total ram usage:       12 bytes
 Hardware stack levels used:    1
 Hardware stack levels required when called:    3
 This function calls:
		Nothing
 This function is called by:
		_sprintf
 This function uses a non-reentrant model


 *************** function ___lltoft *****************
 Defined at:
		line 35 in file "C:\Program Files (x86)\Microchip\xc8\v1.41\sources\common\lltoft.c"
 Parameters:    Size  Location     Type
  c               4   53[COMRAM] unsigned long 
 Auto vars:     Size  Location     Type
  exp             1   57[COMRAM] unsigned char 
 Return value:  Size  Location     Type
                  3   53[COMRAM] float 
 Registers used:
		wreg, status,2, status,0, cstack
 Tracked objects:
		On entry : 
		On exit  : 
		Unchanged: 
 Data sizes:     COMRAM   BANK0   BANK1   BANK2   BANK3   BANK4   BANK5   BANK6   BANK7
      Params:         4       0       0       0       0       0       0       0       0
      Locals:         1       0       0       0       0       0       0       0       0
      Temps:          0       4       0       0       0       0       0       0       0
      Totals:         5       4       0       0       0       0       0       0       0
Total ram usage:        9 bytes
 Hardware stack levels used:    1
 Hardware stack levels required when called:    4
 This function calls:
		___ftpack
 This function is called by:
		_sprintf
 This function uses a non-reentrant model


 *************** function ___llmod *****************
 Defined at:
		line 8 in file "C:\Program Files (x86)\Microchip\xc8\v1.41\sources\common\llmod.c"
 Parameters:    Size  Location     Type
  dividend        4   18[COMRAM] unsigned long 
  divisor         4   22[COMRAM] unsigned long 
 Auto vars:     Size  Location     Type
  counter         1   26[COMRAM] unsigned char 
 Return value:  Size  Location     Type
                  4   18[COMRAM] unsigned long 
 Registers used:
		wreg, status,2, status,0
 Tracked objects:
		On entry : 
		On exit  : 
		Unchanged: 
 Data sizes:     COMRAM   BANK0   BANK1   BANK2   BANK3   BANK4   BANK5   BANK6   BANK7
      Params:         8       0       0       0       0       0       0       0       0
      Locals:         1       0       0       0       0       0       0       0       0
      Temps:          0       0       0       0       0       0       0       0       0
      Totals:         9       0       0       0       0       0       0       0       0
Total ram usage:        9 bytes
 Hardware stack levels used:    1
 Hardware stack levels required when called:    3
 This function calls:
		Nothing
 This function is called by:
		_sprintf
 This function uses a non-reentrant model


 *************** function ___lldiv *****************
 Defined at:
		line 8 in file "C:\Program Files (x86)\Microchip\xc8\v1.41\sources\common\lldiv.c"
 Parameters:    Size  Location     Type
  dividend        4   18[COMRAM] unsigned long 
  divisor         4   22[COMRAM] unsigned long 
 Auto vars:     Size  Location     Type
  quotient        4   26[COMRAM] unsigned long 
  counter         1   30[COMRAM] unsigned char 
 Return value:  Size  Location     Type
                  4   18[COMRAM] unsigned long 
 Registers used:
		wreg, status,2, status,0
 Tracked objects:
		On entry : 
		On exit  : 
		Unchanged: 
 Data sizes:     COMRAM   BANK0   BANK1   BANK2   BANK3   BANK4   BANK5   BANK6   BANK7
      Params:         8       0       0       0       0       0       0       0       0
      Locals:         5       0       0       0       0       0       0       0       0
      Temps:          0       0       0       0       0       0       0       0       0
      Totals:        13       0       0       0       0       0       0       0       0
Total ram usage:       13 bytes
 Hardware stack levels used:    1
 Hardware stack levels required when called:    3
 This function calls:
		Nothing
 This function is called by:
		_sprintf
 This function uses a non-reentrant model


 *************** function ___fttol *****************
 Defined at:
		line 44 in file "C:\Program Files (x86)\Microchip\xc8\v1.41\sources\common\fttol.c"
[...]
Total ram usage:        3 bytes
 Hardware stack levels used:    1
 Hardware stack levels required when called:    3
 This function calls:
		Nothing
 This function is called by:
		_main
 This function uses a non-reentrant model


 *************** function _SYSTEM_Initialize *****************
 Defined at:
		line 116 in file "mcc_generated_files/mcc.c"
 Parameters:    Size  Location     Type
		None
 Auto vars:     Size  Location     Type
		None
 Return value:  Size  Location     Type
                  1    wreg      void 
 Registers used:
		wreg, status,2, cstack
 Tracked objects:
		On entry : 
		On exit  : 
		Unchanged: 
 Data sizes:     COMRAM   BANK0   BANK1   BANK2   BANK3   BANK4   BANK5   BANK6   BANK7
      Params:         0       0       0       0       0       0       0       0       0
      Locals:         0       0       0       0       0       0       0       0       0
      Temps:          0       0       0       0       0       0       0       0       0
      Totals:         0       0       0       0       0       0       0       0       0
Total ram usage:        0 bytes
 Hardware stack levels used:    1
 Hardware stack levels required when called:    4
 This function calls:
		_OSCILLATOR_Initialize
		_PIN_MANAGER_Initialize
 This function is called by:
		_main
 This function uses a non-reentrant model


 *************** function _PIN_MANAGER_Initialize *****************
 Defined at:
		line 51 in file "mcc_generated_files/pin_manager.c"
 Parameters:    Size  Location     Type
		None
 Auto vars:     Size  Location     Type
		None
 Return value:  Size  Location     Type
                  1    wreg      void 
 Registers used:
		wreg, status,2
 Tracked objects:
		On entry : 
		On exit  : 
		Unchanged: 
 Data sizes:     COMRAM   BANK0   BANK1   BANK2   BANK3   BANK4   BANK5   BANK6   BANK7
      Params:         0       0       0       0       0       0       0       0       0
      Locals:         0       0       0       0       0       0       0       0       0
      Temps:          0       0       0       0       0       0       0       0       0
      Totals:         0       0       0       0       0       0       0       0       0
Total ram usage:        0 bytes
 Hardware stack levels used:    1
 Hardware stack levels required when called:    3
 This function calls:
		Nothing
 This function is called by:
		_SYSTEM_Initialize
 This function uses a non-reentrant model


 *************** function _OSCILLATOR_Initialize *****************
 Defined at:
		line 123 in file "mcc_generated_files/mcc.c"
 Parameters:    Size  Location     Type
		None
 Auto vars:     Size  Location     Type
		None
 Return value:  Size  Location     Type
                  1    wreg      void 
 Registers used:
		wreg, status,2
 Tracked objects:
		On entry : 
		On exit  : 
		Unchanged: 
 Data sizes:     COMRAM   BANK0   BANK1   BANK2   BANK3   BANK4   BANK5   BANK6   BANK7
      Params:         0       0       0       0       0       0       0       0       0
      Locals:         0       0       0       0       0       0       0       0       0
      Temps:          0       0       0       0       0       0       0       0       0
      Totals:         0       0       0       0       0       0       0       0       0
Total ram usage:        0 bytes
 Hardware stack levels used:    1
 Hardware stack levels required when called:    3
 This function calls:
		Nothing
 This function is called by:
		_SYSTEM_Initialize
 This function uses a non-reentrant model


 *************** function _LCD_Initialize *****************
 Defined at:
		line 46 in file "lcd.c"
 Parameters:    Size  Location     Type
		None
 Auto vars:     Size  Location     Type
		None
 Return value:  Size  Location     Type
                  1    wreg      void 
 Registers used:
		wreg, status,2, status,0, cstack
 Tracked objects:
		On entry : 
		On exit  : 
		Unchanged: 
 Data sizes:     COMRAM   BANK0   BANK1   BANK2   BANK3   BANK4   BANK5   BANK6   BANK7
      Params:         0       0       0       0       0       0       0       0       0
      Locals:         0       0       0       0       0       0       0       0       0
      Temps:          1       0       0       0       0       0       0       0       0
      Totals:         1       0       0       0       0       0       0       0       0
Total ram usage:        1 bytes
 Hardware stack levels used:    1
 Hardware stack levels required when called:    5
 This function calls:
		_LCDPutCmd
 This function is called by:
		_main
 This function uses a non-reentrant model


 *************** function _LCDPutStr *****************
 Defined at:
		line 135 in file "lcd.c"
 Parameters:    Size  Location     Type
  str             2   21[COMRAM] PTR const unsigned char 
		 -> main@Buffer(20), STR_1(15), 
 Auto vars:     Size  Location     Type
  i               1   25[COMRAM] unsigned char 
 Return value:  Size  Location     Type
                  1    wreg      void 
 Registers used:
		wreg, fsr0l, fsr0h, status,2, status,0, tblptrl, tblptrh, tblptru, prodl, prodh, cstack
 Tracked objects:
		On entry : 
		On exit  : 
		Unchanged: 
 Data sizes:     COMRAM   BANK0   BANK1   BANK2   BANK3   BANK4   BANK5   BANK6   BANK7
      Params:         2       0       0       0       0       0       0       0       0
      Locals:         1       0       0       0       0       0       0       0       0
      Temps:          2       0       0       0       0       0       0       0       0
      Totals:         5       0       0       0       0       0       0       0       0
Total ram usage:        5 bytes
 Hardware stack levels used:    1
 Hardware stack levels required when called:    5
 This function calls:
		_LCDPutChar
 This function is called by:
		_main
 This function uses a non-reentrant model


 *************** function _LCDPutChar *****************
 Defined at:
		line 103 in file "lcd.c"
 Parameters:    Size  Location     Type
  ch              1    wreg     unsigned char 
 Auto vars:     Size  Location     Type
  ch              1   20[COMRAM] unsigned char 
 Return value:  Size  Location     Type
                  1    wreg      void 
 Registers used:
		wreg, status,2, status,0, cstack
 Tracked objects:
		On entry : 
		On exit  : 
		Unchanged: 
 Data sizes:     COMRAM   BANK0   BANK1   BANK2   BANK3   BANK4   BANK5   BANK6   BANK7
      Params:         0       0       0       0       0       0       0       0       0
      Locals:         1       0       0       0       0       0       0       0       0
      Temps:          0       0       0       0       0       0       0       0       0
      Totals:         1       0       0       0       0       0       0       0       0
Total ram usage:        1 bytes
 Hardware stack levels used:    1
 Hardware stack levels required when called:    4
 This function calls:
		_LCDWriteNibble
 This function is called by:
		_LCDPutStr
 This function uses a non-reentrant model


 *************** function _LCDGoto *****************
 Defined at:
		line 148 in file "lcd.c"
 Parameters:    Size  Location     Type
  pos             1    wreg     unsigned char 
  ln              1   21[COMRAM] unsigned char 
 Auto vars:     Size  Location     Type
  pos             1   26[COMRAM] unsigned char 
 Return value:  Size  Location     Type
                  1    wreg      void 
 Registers used:
		wreg, status,2, status,0, cstack
 Tracked objects:
		On entry : 
		On exit  : 
		Unchanged: 
 Data sizes:     COMRAM   BANK0   BANK1   BANK2   BANK3   BANK4   BANK5   BANK6   BANK7
      Params:         1       0       0       0       0       0       0       0       0
      Locals:         3       0       0       0       0       0       0       0       0
      Temps:          2       0       0       0       0       0       0       0       0
      Totals:         6       0       0       0       0       0       0       0       0
Total ram usage:        6 bytes
 Hardware stack levels used:    1
 Hardware stack levels required when called:    5
 This function calls:
		_LCDPutCmd
 This function is called by:
		_main
 This function uses a non-reentrant model


 *************** function _LCDPutCmd *****************
 Defined at:
		line 118 in file "lcd.c"
 Parameters:    Size  Location     Type
  ch              1    wreg     unsigned char 
 Auto vars:     Size  Location     Type
  ch              1   20[COMRAM] unsigned char 
 Return value:  Size  Location     Type
                  1    wreg      void 
 Registers used:
		wreg, status,2, status,0, cstack
 Tracked objects:
		On entry : 
		On exit  : 
		Unchanged: 
 Data sizes:     COMRAM   BANK0   BANK1   BANK2   BANK3   BANK4   BANK5   BANK6   BANK7
      Params:         0       0       0       0       0       0       0       0       0
      Locals:         1       0       0       0       0       0       0       0       0
      Temps:          0       0       0       0       0       0       0       0       0
      Totals:         1       0       0       0       0       0       0       0       0
Total ram usage:        1 bytes
 Hardware stack levels used:    1
 Hardware stack levels required when called:    4
 This function calls:
		_LCDWriteNibble
 This function is called by:
		_main
		_LCD_Initialize
		_LCDGoto
 This function uses a non-reentrant model


 *************** function _LCDWriteNibble *****************
 Defined at:
		line 76 in file "lcd.c"
 Parameters:    Size  Location     Type
  ch              1    wreg     unsigned char 
  rs              1   18[COMRAM] unsigned char 
 Auto vars:     Size  Location     Type
  ch              1   19[COMRAM] unsigned char 
 Return value:  Size  Location     Type
                  1    wreg      void 
 Registers used:
		wreg, status,2, status,0
 Tracked objects:
		On entry : 
		On exit  : 
		Unchanged: 
 Data sizes:     COMRAM   BANK0   BANK1   BANK2   BANK3   BANK4   BANK5   BANK6   BANK7
      Params:         1       0       0       0       0       0       0       0       0
      Locals:         1       0       0       0       0       0       0       0       0
      Temps:          0       0       0       0       0       0       0       0       0
      Totals:         2       0       0       0       0       0       0       0       0
Total ram usage:        2 bytes
 Hardware stack levels used:    1
 Hardware stack levels required when called:    3
 This function calls:
		Nothing
 This function is called by:
		_LCDPutChar
		_LCDPutCmd
 This function uses a non-reentrant model


 *************** function _ISR *****************
 Defined at:
		line 82 in file "main.c"
 Parameters:    Size  Location     Type
		None
 Auto vars:     Size  Location     Type
  status          1   17[COMRAM] unsigned char 
 Return value:  Size  Location     Type
                  1    wreg      void 
 Registers used:
		wreg, status,2, status,0, cstack
 Tracked objects:
		On entry : 
		On exit  : 
		Unchanged: 
 Data sizes:     COMRAM   BANK0   BANK1   BANK2   BANK3   BANK4   BANK5   BANK6   BANK7
      Params:         0       0       0       0       0       0       0       0       0
      Locals:         1       0       0       0       0       0       0       0       0
      Temps:         14       0       0       0       0       0       0       0       0
      Totals:        15       0       0       0       0       0       0       0       0
Total ram usage:       15 bytes
 Hardware stack levels used:    1
 Hardware stack levels required when called:    2
 This function calls:
		i2_spi_fast_shift
		i2_wl_module_config_register
 This function is called by:
		Interrupt level 2
 This function uses a non-reentrant model


 *************** function i2_wl_module_config_register *****************
 Defined at:
		line 417 in file "wl_module.c"
 Parameters:    Size  Location     Type
  reg             1    wreg     unsigned char 
  value           1    1[COMRAM] unsigned char 
 Auto vars:     Size  Location     Type
  reg             1    2[COMRAM] unsigned char 
 Return value:  Size  Location     Type
                  1    wreg      void 
 Registers used:
		wreg, status,2, status,0, cstack
 Tracked objects:
		On entry : 
		On exit  : 
		Unchanged: 
 Data sizes:     COMRAM   BANK0   BANK1   BANK2   BANK3   BANK4   BANK5   BANK6   BANK7
      Params:         1       0       0       0       0       0       0       0       0
      Locals:         1       0       0       0       0       0       0       0       0
      Temps:          0       0       0       0       0       0       0       0       0
      Totals:         2       0       0       0       0       0       0       0       0
Total ram usage:        2 bytes
 Hardware stack levels used:    1
 Hardware stack levels required when called:    1
 This function calls:
		i2_spi_fast_shift
 This function is called by:
		_ISR
 This function uses a non-reentrant model


 *************** function i2_spi_fast_shift *****************
 Defined at:
		line 62 in file "spi.c"
 Parameters:    Size  Location     Type
  data            1    wreg     unsigned char 
 Auto vars:     Size  Location     Type
  data            1    0[COMRAM] unsigned char 
 Return value:  Size  Location     Type
                  1    wreg      unsigned char 
 Registers used:
		wreg, status,2
 Tracked objects:
		On entry : 
		On exit  : 
		Unchanged: 
 Data sizes:     COMRAM   BANK0   BANK1   BANK2   BANK3   BANK4   BANK5   BANK6   BANK7
      Params:         0       0       0       0       0       0       0       0       0
      Locals:         1       0       0       0       0       0       0       0       0
      Temps:          0       0       0       0       0       0       0       0       0
      Totals:         1       0       0       0       0       0       0       0       0
Total ram usage:        1 bytes
 Hardware stack levels used:    1
 This function calls:
		Nothing
 This function is called by:
		_ISR
		i2_wl_module_config_register
 This function uses a non-reentrant model



MODULE INFORMATION

Module		Function		Class		Link	Load	Size
C:\Program Files (x86)\Microchip\xc8\v1.41\sources\common\awdiv.c
		___awdiv       		CODE           	28D2	0000	133

C:\Program Files (x86)\Microchip\xc8\v1.41\sources\common\awdiv.c estimated size: 133

C:\Program Files (x86)\Microchip\xc8\v1.41\sources\common\lldiv.c
		___lldiv       		CODE           	2956	0000	131

C:\Program Files (x86)\Microchip\xc8\v1.41\sources\common\lldiv.c estimated size: 131

C:\Program Files (x86)\Microchip\xc8\v1.41\sources\common\doprnt.c
		_scale         		CODE           	17F4	0000	1047
		_sprintf       		CODE           	088C	0000	3945
		_fround        		CODE           	1E72	0000	609

C:\Program Files (x86)\Microchip\xc8\v1.41\sources\common\doprnt.c estimated size: 5601

C:\Program Files (x86)\Microchip\xc8\v1.41\sources\common\ftdivl.c
		__tdiv_to_l_   		CODE           	237C	0000	307

C:\Program Files (x86)\Microchip\xc8\v1.41\sources\common\ftdivl.c estimated size: 307

C:\Program Files (x86)\Microchip\xc8\v1.41\sources\common\fttol.c
		___fttol       		CODE           	25D6	0000	245

C:\Program Files (x86)\Microchip\xc8\v1.41\sources\common\fttol.c estimated size: 245

C:\Program Files (x86)\Microchip\xc8\v1.41\sources\common\Umul16.c
		___wmul        		CODE           	2DC4	0000	39

C:\Program Files (x86)\Microchip\xc8\v1.41\sources\common\Umul16.c estimated size: 39

C:\Program Files (x86)\Microchip\xc8\v1.41\sources\common\isdigit.c
		_isdigit       		CODE           	2E50	0000	31

C:\Program Files (x86)\Microchip\xc8\v1.41\sources\common\isdigit.c estimated size: 31

C:\Program Files (x86)\Microchip\xc8\v1.41\sources\common\ftadd.c
		___ftadd       		CODE           	1C0A	0000	617

C:\Program Files (x86)\Microchip\xc8\v1.41\sources\common\ftadd.c estimated size: 617

mcc_generated_files/pin_manager.c
		_PIN_MANAGER_Initialize		CODE           	2BE2	0000	73

mcc_generated_files/pin_manager.c estimated size: 73

C:\Program Files (x86)\Microchip\xc8\v1.41\sources\common\ftge.c
		___ftge        		CODE           	26CA	0000	201

C:\Program Files (x86)\Microchip\xc8\v1.41\sources\common\ftge.c estimated size: 201

C:\Program Files (x86)\Microchip\xc8\v1.41\sources\common\fldivl.c
		__div_to_l_    		CODE           	24AE	0000	297

C:\Program Files (x86)\Microchip\xc8\v1.41\sources\common\fldivl.c estimated size: 297

C:\Program Files (x86)\Microchip\xc8\v1.41\sources\common\ftneg.c
		___ftneg       		CODE           	2D3A	0000	49

C:\Program Files (x86)\Microchip\xc8\v1.41\sources\common\ftneg.c estimated size: 49

C:\Program Files (x86)\Microchip\xc8\v1.41\sources\common\ftsub.c
		___ftsub       		CODE           	2B96	0000	77

C:\Program Files (x86)\Microchip\xc8\v1.41\sources\common\ftsub.c estimated size: 77

C:\Program Files (x86)\Microchip\xc8\v1.41\sources\common\float.c
		___ftpack      		CODE           	2792	0000	175

C:\Program Files (x86)\Microchip\xc8\v1.41\sources\common\float.c estimated size: 175

spi.c
		_spi_init      		CODE           	2E10	0000	33
		_spi_transfer_sync		CODE           	2C64	0000	57
		_spi_fast_shift		CODE           	2EFE	0000	17

spi.c estimated size: 107

shared
		__powers_      		SMALLCONST     	0829	0000	40
		_dpowers       		SMALLCONST     	0801	0000	41
		i2_spi_fast_shift		CODE           	2F0E	0000	17
		__npowers_     		SMALLCONST     	0850	0000	40
		__initialization		CODE           	2E8A	0000	13
		i2_wl_module_config_register		CODE           	2ED4	0000	25

shared estimated size: 176

C:\Program Files (x86)\Microchip\xc8\v1.41\sources\common\awmod.c
		___awmod       		CODE           	2A54	0000	113

C:\Program Files (x86)\Microchip\xc8\v1.41\sources\common\awmod.c estimated size: 113

mcc_generated_files/mcc.c
		_OSCILLATOR_Initialize		CODE           	2EEC	0000	19
		_SYSTEM_Initialize		CODE           	2F1E	0000	11

mcc_generated_files/mcc.c estimated size: 30

C:\Program Files (x86)\Microchip\xc8\v1.41\sources\common\llmod.c
		___llmod       		CODE           	2B30	0000	103

C:\Program Files (x86)\Microchip\xc8\v1.41\sources\common\llmod.c estimated size: 103

lcd.c
		_LCDPutCmd     		CODE           	2D6A	0000	47
		_LCDPutStr     		CODE           	29D8	0000	125
		_LCDPutChar    		CODE           	2DEA	0000	39
		_LCD_Initialize		CODE           	2C9C	0000	57
		_LCDWriteNibble		CODE           	2D98	0000	45
		_LCDGoto       		CODE           	2C2A	0000	59

lcd.c estimated size: 372

wl_module.c
		_wl_module_data_ready		CODE           	2E6E	0000	29
		_wl_module_config		CODE           	2D0A	0000	49
		_wl_module_config_register		CODE           	2EBC	0000	25
		_wl_module_init		CODE           	2EA4	0000	25
		_wl_module_get_data		CODE           	2CD4	0000	55

wl_module.c estimated size: 183

C:\Program Files (x86)\Microchip\xc8\v1.41\sources\common\ftmul.c
		___ftmul       		CODE           	20D2	0000	351

C:\Program Files (x86)\Microchip\xc8\v1.41\sources\common\ftmul.c estimated size: 351

C:\Program Files (x86)\Microchip\xc8\v1.41\sources\common\lltoft.c
		___lltoft      		CODE           	2AC4	0000	109

C:\Program Files (x86)\Microchip\xc8\v1.41\sources\common\lltoft.c estimated size: 109

main.c
		_ISR           		CODE           	0008	0000	189
		_main          		CODE           	2840	0000	147
		__delay_10ms   		CODE           	2E30	0000	33

main.c estimated size: 369

C:\Program Files (x86)\Microchip\xc8\v1.41\sources\common\ftdiv.c
		___ftdiv       		CODE           	2230	0000	333

C:\Program Files (x86)\Microchip\xc8\v1.41\sources\common\ftdiv.c estimated size: 333

