Microchip MPLAB XC8 Compiler V1.40 ()

Linker command line:

-W-3 --edf=C:\Program Files\Microchip\xc8\v1.40\dat\en_msgs.txt -cs \
  -h+dist/default/production\NRF_SlaveV1.X.production.sym \
  --cmf=dist/default/production\NRF_SlaveV1.X.production.cmf -z -Q18F45K50 \
  -oC:\Users\Suvendu\AppData\Local\Temp\s6n8.2 \
  -Mdist/default/production/NRF_SlaveV1.X.production.map -E1 -ver=XC8 \
  -ASTACK=082h-07ffh -pstack=STACK -ACODE=00h-07FFFh -ACONST=00h-07FFFh \
  -ASMALLCONST=0800h-08FFhx120 -AMEDIUMCONST=0800h-07FFFh -ACOMRAM=01h-05Fh \
  -AABS1=00h-07FFh -ABIGRAM=01h-07FFh -ARAM=060h-0FFh,0100h-01FFhx7 \
  -ABANK0=060h-0FFh -ABANK1=0100h-01FFh -ABANK2=0200h-02FFh \
  -ABANK3=0300h-03FFh -ABANK4=0400h-04FFh -ABANK5=0500h-05FFh \
  -ABANK6=0600h-06FFh -ABANK7=0700h-07FFh -ASFR=0F53h-0F5Fh,0F60h-0FFFh \
  -preset_vec=00h,intcode=08h,intcodelo,powerup,init -pramtop=0800h \
  -psmallconst=SMALLCONST -pmediumconst=MEDIUMCONST -pconst=CONST \
  -AFARRAM=00h-00h -ACONFIG=0300000h-030000Dh -pconfig=CONFIG \
  -AIDLOC=0200000h-0200007h -pidloc=IDLOC -AEEDATA=0F00000h-0F000FFh \
  -peeprom_data=EEDATA \
  -prdata=COMRAM,nvrram=COMRAM,nvbit=COMRAM,rbss=COMRAM,rbit=COMRAM \
  -pfarbss=FARRAM,fardata=FARRAM,nvFARRAM=FARRAM \
  -pintsave_regs=BIGRAM,bigbss=BIGRAM,bigdata=BIGRAM -pbss=RAM \
  -pidata=CODE,irdata=CODE,ibigdata=CODE,ifardata=CODE -prparam=COMRAM \
  C:\Users\Suvendu\AppData\Local\Temp\s6n8.obj \
  dist/default/production\NRF_SlaveV1.X.production.obj 

Object code version is 3.11

Machine type is 18F45K50

Call graph: (short form)




                Name                               Link     Load   Length Selector   Space Scale
C:\Users\Suvendu\AppData\Local\Temp\s6n8.obj
                init                                 CA       CA        4        4       0
                reset_vec                             0        0        4        0       0
                idloc                            200000   200000        8   200000       0
                config                           300000   300000        E   300000       0
dist/default/production\NRF_SlaveV1.X.production.obj
                intcode                               8        8       C2        4       0
                temp                                 2C       2C        1        1       1
                text12                              28C      28C       10        4       0
                text11                              264      264       18        4       0
                text9                               1DE      1DE       20        4       0
                text8                               27C      27C       10        4       0
                text7                               24C      24C       18        4       0
                text6                               18E      18E       30        4       0
                text5                               1FE      1FE       1C        4       0
                text4                               120      120       38        4       0
                text3                               158      158       36        4       0
                text2                               1BE      1BE       20        4       0
                text1                               234      234       18        4       0
                text0                                CE       CE       52        4       0
                cstackCOMRAM                          1        1       1B        1       1
                cstackBANK0                          60       60       22       60       1
                bssCOMRAM                            1C       1C       10        1       1
                cinit                               21A      21A       1A        4       0

TOTAL           Name                               Link     Load   Length     Space
        CLASS   STACK          

        CLASS   CODE           
                intcode                               8        8       C2         0
                init                                 CA       CA        4         0
                reset_vec                             0        0        4         0
                text12                              28C      28C       10         0
                text11                              264      264       18         0
                text9                               1DE      1DE       20         0
                text8                               27C      27C       10         0
                text7                               24C      24C       18         0
                text6                               18E      18E       30         0
                text5                               1FE      1FE       1C         0
                text4                               120      120       38         0
                text3                               158      158       36         0
                text2                               1BE      1BE       20         0
                text1                               234      234       18         0
                text0                                CE       CE       52         0
                cinit                               21A      21A       1A         0

        CLASS   CONST          

        CLASS   SMALLCONST     

        CLASS   MEDIUMCONST    

        CLASS   COMRAM         
                temp                                 2C       2C        1         1
                cstackCOMRAM                          1        1       1B         1
                bssCOMRAM                            1C       1C       10         1

        CLASS   ABS1           

        CLASS   BIGRAM         

        CLASS   RAM            

        CLASS   BANK0          
                cstackBANK0                          60       60       22         1

        CLASS   BANK1          

        CLASS   BANK2          

        CLASS   BANK3          

        CLASS   BANK4          

        CLASS   BANK5          

        CLASS   BANK6          

        CLASS   BANK7          

        CLASS   SFR            

        CLASS   FARRAM         

        CLASS   CONFIG         
                config                           300000   300000        E         0

        CLASS   IDLOC          
                idloc                            200000   200000        8         0

        CLASS   EEDATA         



SEGMENTS        Name                           Load    Length   Top    Selector   Space  Class

                reset_vec                      000000  000004  000004         0       0  CODE    
                cstackCOMRAM                   000001  00002C  00002D         1       1  COMRAM  
                intcode                        000008  000294  00029C         4       0  CODE    
                cstackBANK0                    000060  000022  000082        60       1  BANK0   
                idloc                          200000  000008  200008    200000       0  IDLOC   
                config                         300000  00000E  30000E    300000       0  CONFIG  


UNUSED ADDRESS RANGES

        Name                Unused          Largest block    Delta
        BANK0            000082-0000FF               7E
        BANK1            000100-0001FF              100
        BANK2            000200-0002FF              100
        BANK3            000300-0003FF              100
        BANK4            000400-0004FF              100
        BANK5            000500-0005FF              100
        BANK6            000600-0006FF              100
        BANK7            000700-0007FF              100
        BIGRAM           00002D-00005F               33
                         000082-0007FF              77E
        CODE             000004-000007                4
                         00029C-007FFF             7D64
        COMRAM           00002D-00005F               33
        CONST            000004-000007                4
                         00029C-007FFF             7D64
        EEDATA           F00000-F000FF              100
        MEDIUMCONST      000800-007FFF             7800
        RAM              000082-0007FF              100
        SFR              000F53-000FFF                D
        SMALLCONST       000800-007FFF              100
        STACK            000082-0007FF              77E

                                  Symbol Table

ISR@status                            cstackCOMRAM 000012
_ANSELBbits                           (abs)        000F5C
_INTCON2bits                          (abs)        000FF1
_INTCON3bits                          (abs)        000FF0
_INTCONbits                           (abs)        000FF2
_ISR                                  intcode      000008
_LATBbits                             (abs)        000F8A
_LATD                                 (abs)        000F8C
_PIR1bits                             (abs)        000F9E
_PTX                                  bssCOMRAM    00002B
_SSP1BUF                              (abs)        000FC9
_SSP1CON1bits                         (abs)        000FC6
_SSP1STATbits                         (abs)        000FC7
_TRISAbits                            (abs)        000F92
_TRISBbits                            (abs)        000F93
_TRISCbits                            (abs)        000F94
_TRISD                                (abs)        000F95
__CFG_BOREN$SBORDIS                   (abs)        000000
__CFG_BORV$190                        (abs)        000000
__CFG_FCMEN$ON                        (abs)        000000
__CFG_IESO$OFF                        (abs)        000000
__CFG_WDTEN$OFF                       (abs)        000000
__HRAM                                (abs)        000000
__Habs1                               abs1         000000
__Hbank0                              bank0        000000
__Hbank1                              bank1        000000
__Hbank2                              bank2        000000
__Hbank3                              bank3        000000
__Hbank4                              bank4        000000
__Hbank5                              bank5        000000
__Hbank6                              bank6        000000
__Hbank7                              bank7        000000
__Hbigbss                             bigbss       000000
__Hbigdata                            bigdata      000000
__Hbigram                             bigram       000000
__Hbss                                bss          000000
__HbssCOMRAM                          bssCOMRAM    000000
__Hcinit                              cinit        000000
__Hclrtext                            clrtext      000000
__Hcomram                             comram       000000
__Hconfig                             config       30000E
__Hconst                              const        000000
__HcstackBANK0                        cstackBANK0  000000
__HcstackCOMRAM                       cstackCOMRAM 000000
__Hdata                               data         000000
__Heeprom_data                        eeprom_data  000000
__Hfarbss                             farbss       000000
__Hfardata                            fardata      000000
__Hibigdata                           ibigdata     000000
__Hidata                              idata        000000
__Hidloc                              idloc        200008
__Hifardata                           ifardata     000000
__Hinit                               init         0000CE
__Hintcode                            intcode      0000CA
__Hintcode_body                       intcode_body 000000
__Hintcodelo                          intcodelo    0000CA
__Hintentry                           intentry     000000
__Hintret                             intret       000000
__Hintsave_regs                       intsave_regs 000000
__Hirdata                             irdata       000000
__Hmediumconst                        mediumconst  000000
__HnvFARRAM                           nvFARRAM     000000
__Hnvbit                              nvbit        000000
__Hnvrram                             nvrram       000000
__Hparam                              rparam       000000
__Hpowerup                            powerup      0000CA
__Hram                                ram          000000
__Hramtop                             ramtop       000800
__Hrbit                               rbit         000000
__Hrbss                               rbss         000000
__Hrdata                              rdata        000000
__Hreset_vec                          reset_vec    000004
__Hrparam                             rparam       000000
__Hsfr                                sfr          000000
__Hsmallconst                         smallconst   000000
__Hspace_0                            (abs)        30000E
__Hspace_1                            (abs)        000082
__Hspace_2                            (abs)        000000
__Hstack                              stack        000000
__Hstruct                             struct       000000
__Htemp                               temp         00002D
__Htext                               text         000000
__Htext0                              text0        000000
__Htext1                              text1        000000
__Htext11                             text11       000000
__Htext12                             text12       000000
__Htext2                              text2        000000
__Htext3                              text3        000000
__Htext4                              text4        000000
__Htext5                              text5        000000
__Htext6                              text6        000000
__Htext7                              text7        000000
__Htext8                              text8        000000
__Htext9                              text9        000000
__LRAM                                (abs)        000001
__Labs1                               abs1         000000
__Lbank0                              bank0        000000
__Lbank1                              bank1        000000
__Lbank2                              bank2        000000
__Lbank3                              bank3        000000
__Lbank4                              bank4        000000
__Lbank5                              bank5        000000
__Lbank6                              bank6        000000
__Lbank7                              bank7        000000
__Lbigbss                             bigbss       000000
__Lbigdata                            bigdata      000000
__Lbigram                             bigram       000000
__Lbss                                bss          000000
__LbssCOMRAM                          bssCOMRAM    000000
__Lcinit                              cinit        000000
__Lclrtext                            clrtext      000000
__Lcomram                             comram       000000
__Lconfig                             config       300000
__Lconst                              const        000000
__LcstackBANK0                        cstackBANK0  000000
__LcstackCOMRAM                       cstackCOMRAM 000000
__Ldata                               data         000000
__Leeprom_data                        eeprom_data  000000
__Lfarbss                             farbss       000000
__Lfardata                            fardata      000000
__Libigdata                           ibigdata     000000
__Lidata                              idata        000000
__Lidloc                              idloc        200000
__Lifardata                           ifardata     000000
__Linit                               init         0000CA
__Lintcode                            intcode      000008
__Lintcode_body                       intcode_body 000000
__Lintcodelo                          intcodelo    0000CA
__Lintentry                           intentry     000000
__Lintret                             intret       000000
__Lintsave_regs                       intsave_regs 000000
__Lirdata                             irdata       000000
__Lmediumconst                        mediumconst  000000
__LnvFARRAM                           nvFARRAM     000000
__Lnvbit                              nvbit        000000
__Lnvrram                             nvrram       000000
__Lparam                              rparam       000000
__Lpowerup                            powerup      0000CA
__Lram                                ram          000000
__Lramtop                             ramtop       000800
__Lrbit                               rbit         000000
__Lrbss                               rbss         000000
__Lrdata                              rdata        000000
__Lreset_vec                          reset_vec    000000
__Lrparam                             rparam       000000
__Lsfr                                sfr          000000
__Lsmallconst                         smallconst   000000
__Lspace_0                            (abs)        000000
__Lspace_1                            (abs)        000000
__Lspace_2                            (abs)        000000
__Lstack                              stack        000000
__Lstruct                             struct       000000
__Ltemp                               temp         00002C
__Ltext                               text         000000
__Ltext0                              text0        000000
__Ltext1                              text1        000000
__Ltext11                             text11       000000
__Ltext12                             text12       000000
__Ltext2                              text2        000000
__Ltext3                              text3        000000
__Ltext4                              text4        000000
__Ltext5                              text5        000000
__Ltext6                              text6        000000
__Ltext7                              text7        000000
__Ltext8                              text8        000000
__Ltext9                              text9        000000
__S0                                  (abs)        30000E
__S1                                  (abs)        000082
__S2                                  (abs)        000000
___inthi_sp                           stack        000000
___intlo_sp                           stack        000000
___param_bank                         (abs)        000000
___rparam_used                        (abs)        000001
___sp                                 stack        000000
__accesstop                           (abs)        000060
__activetblptr                        (abs)        000002
__delay_10ms                          text9        0001DE
__delay_10ms@length                   cstackCOMRAM 000013
__end_of_ISR                          intcode      0000CA
__end_of__delay_10ms                  text9        0001FE
__end_of__initialization              cinit        000226
__end_of_main                         text0        000120
__end_of_spi_fast_shift               text8        00028C
__end_of_spi_init                     text2        0001DE
__end_of_spi_transfer_sync            text4        000158
__end_of_wl_module_config             text6        0001BE
__end_of_wl_module_config_register    text7        000264
__end_of_wl_module_data_ready         text5        00021A
__end_of_wl_module_get_data           text3        00018E
__end_of_wl_module_init               text1        00024C
__end_ofi2_spi_fast_shift             text12       00029C
__end_ofi2_wl_module_config_register  text11       00027C
__initialization                      cinit        00021A
__mediumconst                         mediumconst  000000
__pbssCOMRAM                          bssCOMRAM    00001C
__pcinit                              cinit        00021A
__pcstackBANK0                        cstackBANK0  000060
__pcstackCOMRAM                       cstackCOMRAM 000001
__pintcode                            intcode      000008
__ptext0                              text0        0000CE
__ptext1                              text1        000234
__ptext11                             text11       000264
__ptext12                             text12       00028C
__ptext2                              text2        0001BE
__ptext3                              text3        000158
__ptext4                              text4        000120
__ptext5                              text5        0001FE
__ptext6                              text6        00018E
__ptext7                              text7        00024C
__ptext8                              text8        00027C
__ptext9                              text9        0001DE
__ramtop                              ramtop       000800
__size_of_ISR                         (abs)        000000
__size_of__delay_10ms                 (abs)        000000
__size_of_main                        (abs)        000000
__size_of_spi_fast_shift              (abs)        000000
__size_of_spi_init                    (abs)        000000
__size_of_spi_transfer_sync           (abs)        000000
__size_of_wl_module_config            (abs)        000000
__size_of_wl_module_config_register   (abs)        000000
__size_of_wl_module_data_ready        (abs)        000000
__size_of_wl_module_get_data          (abs)        000000
__size_of_wl_module_init              (abs)        000000
__size_ofi2_spi_fast_shift            (abs)        000000
__size_ofi2_wl_module_config_register (abs)        000000
__smallconst                          smallconst   000000
_main                                 text0        0000CE
_received_string                      bssCOMRAM    00001C
_spi_fast_shift                       text8        00027C
_spi_init                             text2        0001BE
_spi_transfer_sync                    text4        000120
_wl_module_config                     text6        00018E
_wl_module_config_register            text7        00024C
_wl_module_data_ready                 text5        0001FE
_wl_module_get_data                   text3        000158
_wl_module_init                       text1        000234
btemp                                 temp         00002C
end_of_initialization                 cinit        000226
i2_spi_fast_shift                     text12       00028C
i2_wl_module_config_register          text11       000264
i2spi_fast_shift@data                 cstackCOMRAM 000001
i2wl_module_config_register@reg       cstackCOMRAM 000003
i2wl_module_config_register@value     cstackCOMRAM 000002
int$flags                             temp         00002C
intlevel0                             text         000000
intlevel1                             text         000000
intlevel2                             text         000000
intlevel3                             text         000000
main@nRF_status                       cstackBANK0  000080
main@payload                          cstackBANK0  000060
main@zaehler                          cstackBANK0  000081
spi_fast_shift@data                   cstackCOMRAM 000013
spi_transfer_sync@datain              cstackCOMRAM 000015
spi_transfer_sync@dataout             cstackCOMRAM 000013
spi_transfer_sync@length              cstackCOMRAM 000017
stackhi                               (abs)        0007FF
stacklo                               (abs)        000082
start                                 init         0000CA
start_initialization                  cinit        00021A
wl_module_config_register@reg         cstackCOMRAM 000015
wl_module_config_register@value       cstackCOMRAM 000014
wl_module_data_ready@status           cstackCOMRAM 000014
wl_module_get_data@data               cstackCOMRAM 000019
wl_module_get_data@status             cstackCOMRAM 00001B


FUNCTION INFORMATION:

 *************** function _main *****************
 Defined at:
		line 37 in file "main.c"
 Parameters:    Size  Location     Type
		None
 Auto vars:     Size  Location     Type
  payload        32    0[BANK0 ] unsigned char [32]
  zaehler         1   33[BANK0 ] unsigned char 
  nRF_status      1   32[BANK0 ] unsigned char 
 Return value:  Size  Location     Type
                  2   36[None  ] int 
 Registers used:
		wreg, fsr2l, fsr2h, status,2, status,0, cstack
 Tracked objects:
		On entry : 
		On exit  : 
		Unchanged: 
 Data sizes:     COMRAM   BANK0   BANK1   BANK2   BANK3   BANK4   BANK5   BANK6   BANK7
      Params:         0       0       0       0       0       0       0       0       0
      Locals:         0      34       0       0       0       0       0       0       0
      Temps:          0       0       0       0       0       0       0       0       0
      Totals:         0      34       0       0       0       0       0       0       0
Total ram usage:       34 bytes
 Hardware stack levels required when called:    6
 This function calls:
		__delay_10ms
		_wl_module_config
		_wl_module_data_ready
		_wl_module_get_data
		_wl_module_init
 This function is called by:
		Startup code after reset
 This function uses a non-reentrant model


 *************** function _wl_module_init *****************
 Defined at:
		line 23 in file "wl_module.c"
 Parameters:    Size  Location     Type
		None
 Auto vars:     Size  Location     Type
		None
 Return value:  Size  Location     Type
                  1    wreg      void 
 Registers used:
		cstack
 Tracked objects:
		On entry : 
		On exit  : 
		Unchanged: 
 Data sizes:     COMRAM   BANK0   BANK1   BANK2   BANK3   BANK4   BANK5   BANK6   BANK7
      Params:         0       0       0       0       0       0       0       0       0
      Locals:         0       0       0       0       0       0       0       0       0
      Temps:          0       0       0       0       0       0       0       0       0
      Totals:         0       0       0       0       0       0       0       0       0
Total ram usage:        0 bytes
 Hardware stack levels used:    1
 Hardware stack levels required when called:    4
 This function calls:
		_spi_init
 This function is called by:
		_main
 This function uses a non-reentrant model


 *************** function _spi_init *****************
 Defined at:
		line 12 in file "spi.c"
 Parameters:    Size  Location     Type
		None
 Auto vars:     Size  Location     Type
		None
 Return value:  Size  Location     Type
                  1    wreg      void 
 Registers used:
		None
 Tracked objects:
		On entry : 
		On exit  : 
		Unchanged: 
 Data sizes:     COMRAM   BANK0   BANK1   BANK2   BANK3   BANK4   BANK5   BANK6   BANK7
      Params:         0       0       0       0       0       0       0       0       0
      Locals:         0       0       0       0       0       0       0       0       0
      Temps:          0       0       0       0       0       0       0       0       0
      Totals:         0       0       0       0       0       0       0       0       0
Total ram usage:        0 bytes
 Hardware stack levels used:    1
 Hardware stack levels required when called:    3
 This function calls:
		Nothing
 This function is called by:
		_wl_module_init
 This function uses a non-reentrant model


 *************** function _wl_module_get_data *****************
 Defined at:
		line 405 in file "wl_module.c"
 Parameters:    Size  Location     Type
  data            2   24[COMRAM] PTR unsigned char 
		 -> main@payload(32), 
 Auto vars:     Size  Location     Type
  status          1   26[COMRAM] unsigned char 
 Return value:  Size  Location     Type
                  1    wreg      unsigned char 
 Registers used:
		wreg, fsr2l, fsr2h, status,2, status,0, cstack
 Tracked objects:
		On entry : 
		On exit  : 
		Unchanged: 
 Data sizes:     COMRAM   BANK0   BANK1   BANK2   BANK3   BANK4   BANK5   BANK6   BANK7
      Params:         2       0       0       0       0       0       0       0       0
      Locals:         1       0       0       0       0       0       0       0       0
      Temps:          0       0       0       0       0       0       0       0       0
      Totals:         3       0       0       0       0       0       0       0       0
Total ram usage:        3 bytes
 Hardware stack levels used:    1
 Hardware stack levels required when called:    5
 This function calls:
		_spi_fast_shift
		_spi_transfer_sync
		_wl_module_config_register
 This function is called by:
		_main
 This function uses a non-reentrant model


 *************** function _spi_transfer_sync *****************
 Defined at:
		line 50 in file "spi.c"
 Parameters:    Size  Location     Type
  dataout         2   18[COMRAM] PTR unsigned char 
		 -> wl_module_get_arc_cnt@data(1), wl_module_get_plos_cnt@data(1), wl_module_get_rf_setup@data(1), wl_module_get_rf_ch@data(1), 
		 -> wl_module_fifo_rx_empty@data(1), wl_module_fifo_tx_empty@data(1), wl_module_get_rx_pw@data(1), wl_module_power_down@config(1), 
		 -> wl_module_set_as_tx@config(1), main@payload(32), 
  datain          2   20[COMRAM] PTR unsigned char 
		 -> wl_module_get_arc_cnt@data(1), wl_module_get_plos_cnt@data(1), wl_module_get_rf_setup@data(1), wl_module_get_rf_ch@data(1), 
		 -> wl_module_fifo_rx_empty@data(1), wl_module_fifo_tx_empty@data(1), wl_module_get_rx_pw@data(1), wl_module_power_down@config(1), 
		 -> wl_module_set_as_tx@config(1), main@payload(32), 
  length          2   22[COMRAM] unsigned int 
 Auto vars:     Size  Location     Type
		None
 Return value:  Size  Location     Type
                  1    wreg      void 
 Registers used:
		wreg, fsr2l, fsr2h, status,2, status,0
 Tracked objects:
		On entry : 
		On exit  : 
		Unchanged: 
 Data sizes:     COMRAM   BANK0   BANK1   BANK2   BANK3   BANK4   BANK5   BANK6   BANK7
      Params:         6       0       0       0       0       0       0       0       0
      Locals:         0       0       0       0       0       0       0       0       0
      Temps:          0       0       0       0       0       0       0       0       0
      Totals:         6       0       0       0       0       0       0       0       0
Total ram usage:        6 bytes
 Hardware stack levels used:    1
 Hardware stack levels required when called:    3
 This function calls:
		Nothing
 This function is called by:
		_wl_module_get_data
		_wl_module_read_register
 This function uses a non-reentrant model


 *************** function _wl_module_data_ready *****************
 Defined at:
		line 307 in file "wl_module.c"
 Parameters:    Size  Location     Type
		None
 Auto vars:     Size  Location     Type
  status          1   19[COMRAM] unsigned char 
 Return value:  Size  Location     Type
                  1    wreg      unsigned char 
 Registers used:
		wreg, status,2, status,0, cstack
 Tracked objects:
		On entry : 
		On exit  : 
		Unchanged: 
 Data sizes:     COMRAM   BANK0   BANK1   BANK2   BANK3   BANK4   BANK5   BANK6   BANK7
      Params:         0       0       0       0       0       0       0       0       0
      Locals:         1       0       0       0       0       0       0       0       0
      Temps:          0       0       0       0       0       0       0       0       0
      Totals:         1       0       0       0       0       0       0       0       0
Total ram usage:        1 bytes
 Hardware stack levels used:    1
 Hardware stack levels required when called:    4
 This function calls:
		_spi_fast_shift
 This function is called by:
		_main
 This function uses a non-reentrant model


 *************** function _wl_module_config *****************
 Defined at:
		line 44 in file "wl_module.c"
 Parameters:    Size  Location     Type
		None
 Auto vars:     Size  Location     Type
		None
 Return value:  Size  Location     Type
                  1    wreg      void 
 Registers used:
		wreg, status,2, status,0, cstack
 Tracked objects:
		On entry : 
		On exit  : 
		Unchanged: 
 Data sizes:     COMRAM   BANK0   BANK1   BANK2   BANK3   BANK4   BANK5   BANK6   BANK7
      Params:         0       0       0       0       0       0       0       0       0
      Locals:         0       0       0       0       0       0       0       0       0
      Temps:          0       0       0       0       0       0       0       0       0
      Totals:         0       0       0       0       0       0       0       0       0
Total ram usage:        0 bytes
 Hardware stack levels used:    1
 Hardware stack levels required when called:    5
 This function calls:
		_wl_module_config_register
 This function is called by:
		_main
 This function uses a non-reentrant model


 *************** function _wl_module_config_register *****************
 Defined at:
		line 417 in file "wl_module.c"
 Parameters:    Size  Location     Type
  reg             1    wreg     unsigned char 
  value           1   19[COMRAM] unsigned char 
 Auto vars:     Size  Location     Type
  reg             1   20[COMRAM] unsigned char 
 Return value:  Size  Location     Type
                  1    wreg      void 
 Registers used:
		wreg, status,2, status,0, cstack
 Tracked objects:
		On entry : 
		On exit  : 
		Unchanged: 
 Data sizes:     COMRAM   BANK0   BANK1   BANK2   BANK3   BANK4   BANK5   BANK6   BANK7
      Params:         1       0       0       0       0       0       0       0       0
      Locals:         1       0       0       0       0       0       0       0       0
      Temps:          0       0       0       0       0       0       0       0       0
      Totals:         2       0       0       0       0       0       0       0       0
Total ram usage:        2 bytes
 Hardware stack levels used:    1
 Hardware stack levels required when called:    4
 This function calls:
		_spi_fast_shift
 This function is called by:
		_wl_module_config
		_wl_module_get_data
		_wl_module_rx_config
		_wl_module_tx_config
		_wl_module_send
 This function uses a non-reentrant model


 *************** function _spi_fast_shift *****************
 Defined at:
		line 62 in file "spi.c"
 Parameters:    Size  Location     Type
  data            1    wreg     unsigned char 
 Auto vars:     Size  Location     Type
  data            1   18[COMRAM] unsigned char 
 Return value:  Size  Location     Type
                  1    wreg      unsigned char 
 Registers used:
		wreg, status,2
 Tracked objects:
		On entry : 
		On exit  : 
		Unchanged: 
 Data sizes:     COMRAM   BANK0   BANK1   BANK2   BANK3   BANK4   BANK5   BANK6   BANK7
      Params:         0       0       0       0       0       0       0       0       0
      Locals:         1       0       0       0       0       0       0       0       0
      Temps:          0       0       0       0       0       0       0       0       0
      Totals:         1       0       0       0       0       0       0       0       0
Total ram usage:        1 bytes
 Hardware stack levels used:    1
 Hardware stack levels required when called:    3
 This function calls:
		Nothing
 This function is called by:
		_wl_module_data_ready
		_wl_module_get_data
		_wl_module_config_register
		_wl_module_get_one_byte
		_wl_module_read_register
		_wl_module_write_register
		_wl_module_send
 This function uses a non-reentrant model


 *************** function __delay_10ms *****************
 Defined at:
		line 30 in file "main.c"
 Parameters:    Size  Location     Type
  length          2   18[COMRAM] int 
 Auto vars:     Size  Location     Type
		None
 Return value:  Size  Location     Type
                  1    wreg      void 
 Registers used:
		wreg, status,2, status,0
 Tracked objects:
		On entry : 
		On exit  : 
		Unchanged: 
 Data sizes:     COMRAM   BANK0   BANK1   BANK2   BANK3   BANK4   BANK5   BANK6   BANK7
      Params:         2       0       0       0       0       0       0       0       0
      Locals:         0       0       0       0       0       0       0       0       0
      Temps:          1       0       0       0       0       0       0       0       0
      Totals:         3       0       0       0       0       0       0       0       0
Total ram usage:        3 bytes
 Hardware stack levels used:    1
 Hardware stack levels required when called:    3
 This function calls:
		Nothing
 This function is called by:
		_main
 This function uses a non-reentrant model


 *************** function _ISR *****************
 Defined at:
		line 65 in file "main.c"
 Parameters:    Size  Location     Type
		None
 Auto vars:     Size  Location     Type
  status          1   17[COMRAM] unsigned char 
 Return value:  Size  Location     Type
                  1    wreg      void 
 Registers used:
		wreg, status,2, status,0, cstack
 Tracked objects:
		On entry : 
		On exit  : 
		Unchanged: 
 Data sizes:     COMRAM   BANK0   BANK1   BANK2   BANK3   BANK4   BANK5   BANK6   BANK7
      Params:         0       0       0       0       0       0       0       0       0
      Locals:         1       0       0       0       0       0       0       0       0
      Temps:         14       0       0       0       0       0       0       0       0
      Totals:        15       0       0       0       0       0       0       0       0
Total ram usage:       15 bytes
 Hardware stack levels used:    1
 Hardware stack levels required when called:    2
 This function calls:
		i2_spi_fast_shift
		i2_wl_module_config_register
 This function is called by:
		Interrupt level 2
 This function uses a non-reentrant model


 *************** function i2_wl_module_config_register *****************
 Defined at:
		line 417 in file "wl_module.c"
 Parameters:    Size  Location     Type
  reg             1    wreg     unsigned char 
  value           1    1[COMRAM] unsigned char 
 Auto vars:     Size  Location     Type
  reg             1    2[COMRAM] unsigned char 
 Return value:  Size  Location     Type
                  1    wreg      void 
 Registers used:
		wreg, status,2, status,0, cstack
 Tracked objects:
		On entry : 
		On exit  : 
		Unchanged: 
 Data sizes:     COMRAM   BANK0   BANK1   BANK2   BANK3   BANK4   BANK5   BANK6   BANK7
      Params:         1       0       0       0       0       0       0       0       0
      Locals:         1       0       0       0       0       0       0       0       0
      Temps:          0       0       0       0       0       0       0       0       0
      Totals:         2       0       0       0       0       0       0       0       0
Total ram usage:        2 bytes
 Hardware stack levels used:    1
 Hardware stack levels required when called:    1
 This function calls:
		i2_spi_fast_shift
 This function is called by:
		_ISR
 This function uses a non-reentrant model


 *************** function i2_spi_fast_shift *****************
 Defined at:
		line 62 in file "spi.c"
 Parameters:    Size  Location     Type
  data            1    wreg     unsigned char 
 Auto vars:     Size  Location     Type
  data            1    0[COMRAM] unsigned char 
 Return value:  Size  Location     Type
                  1    wreg      unsigned char 
 Registers used:
		wreg, status,2
 Tracked objects:
		On entry : 
		On exit  : 
		Unchanged: 
 Data sizes:     COMRAM   BANK0   BANK1   BANK2   BANK3   BANK4   BANK5   BANK6   BANK7
      Params:         0       0       0       0       0       0       0       0       0
      Locals:         1       0       0       0       0       0       0       0       0
      Temps:          0       0       0       0       0       0       0       0       0
      Totals:         1       0       0       0       0       0       0       0       0
Total ram usage:        1 bytes
 Hardware stack levels used:    1
 This function calls:
		Nothing
 This function is called by:
		_ISR
		i2_wl_module_config_register
 This function uses a non-reentrant model



MODULE INFORMATION

Module		Function		Class		Link	Load	Size
spi.c
		_spi_init      		CODE           	01BE	0000	33
		_spi_transfer_sync		CODE           	0120	0000	57
		_spi_fast_shift		CODE           	027C	0000	17

spi.c estimated size: 107

shared
		i2_spi_fast_shift		CODE           	028C	0000	17
		__initialization		CODE           	021A	0000	13
		i2_wl_module_config_register		CODE           	0264	0000	25

shared estimated size: 55

wl_module.c
		_wl_module_data_ready		CODE           	01FE	0000	29
		_wl_module_config		CODE           	018E	0000	49
		_wl_module_config_register		CODE           	024C	0000	25
		_wl_module_init		CODE           	0234	0000	25
		_wl_module_get_data		CODE           	0158	0000	55

wl_module.c estimated size: 183

main.c
		_ISR           		CODE           	0008	0000	195
		_main          		CODE           	00CE	0000	83
		__delay_10ms   		CODE           	01DE	0000	33

main.c estimated size: 311

